02:02:49 **** Build of configuration Debug for project intrgrated_try_1 ****
make -j16 all 
arm-none-eabi-gcc "../Drivers/STM32F4xx_HAL_Driver/Src/stm32f4xx_hal.c" -mcpu=cortex-m4 -std=gnu11 -g3 -DDEBUG -DUSE_HAL_DRIVER -DSTM32F439xx -c -I../Core/Inc -I../Drivers/STM32F4xx_HAL_Driver/Inc -I../Drivers/STM32F4xx_HAL_Driver/Inc/Legacy -I../Drivers/CMSIS/Device/ST/STM32F4xx/Include -I../Drivers/CMSIS/Include -O0 -ffunction-sections -fdata-sections -Wall -fstack-usage -fcyclomatic-complexity -MMD -MP -MF"Drivers/STM32F4xx_HAL_Driver/Src/stm32f4xx_hal.d" -MT"Drivers/STM32F4xx_HAL_Driver/Src/stm32f4xx_hal.o" --specs=nano.specs -mfpu=fpv4-sp-d16 -mfloat-abi=hard -mthumb -o "Drivers/STM32F4xx_HAL_Driver/Src/stm32f4xx_hal.o"
arm-none-eabi-gcc "../Drivers/STM32F4xx_HAL_Driver/Src/stm32f4xx_hal_cortex.c" -mcpu=cortex-m4 -std=gnu11 -g3 -DDEBUG -DUSE_HAL_DRIVER -DSTM32F439xx -c -I../Core/Inc -I../Drivers/STM32F4xx_HAL_Driver/Inc -I../Drivers/STM32F4xx_HAL_Driver/Inc/Legacy -I../Drivers/CMSIS/Device/ST/STM32F4xx/Include -I../Drivers/CMSIS/Include -O0 -ffunction-sections -fdata-sections -Wall -fstack-usage -fcyclomatic-complexity -MMD -MP -MF"Drivers/STM32F4xx_HAL_Driver/Src/stm32f4xx_hal_cortex.d" -MT"Drivers/STM32F4xx_HAL_Driver/Src/stm32f4xx_hal_cortex.o" --specs=nano.specs -mfpu=fpv4-sp-d16 -mfloat-abi=hard -mthumb -o "Drivers/STM32F4xx_HAL_Driver/Src/stm32f4xx_hal_cortex.o"
arm-none-eabi-gcc "../Drivers/STM32F4xx_HAL_Driver/Src/stm32f4xx_hal_dma.c" -mcpu=cortex-m4 -std=gnu11 -g3 -DDEBUG -DUSE_HAL_DRIVER -DSTM32F439xx -c -I../Core/Inc -I../Drivers/STM32F4xx_HAL_Driver/Inc -I../Drivers/STM32F4xx_HAL_Driver/Inc/Legacy -I../Drivers/CMSIS/Device/ST/STM32F4xx/Include -I../Drivers/CMSIS/Include -O0 -ffunction-sections -fdata-sections -Wall -fstack-usage -fcyclomatic-complexity -MMD -MP -MF"Drivers/STM32F4xx_HAL_Driver/Src/stm32f4xx_hal_dma.d" -MT"Drivers/STM32F4xx_HAL_Driver/Src/stm32f4xx_hal_dma.o" --specs=nano.specs -mfpu=fpv4-sp-d16 -mfloat-abi=hard -mthumb -o "Drivers/STM32F4xx_HAL_Driver/Src/stm32f4xx_hal_dma.o"
arm-none-eabi-gcc "../Drivers/STM32F4xx_HAL_Driver/Src/stm32f4xx_hal_dma_ex.c" -mcpu=cortex-m4 -std=gnu11 -g3 -DDEBUG -DUSE_HAL_DRIVER -DSTM32F439xx -c -I../Core/Inc -I../Drivers/STM32F4xx_HAL_Driver/Inc -I../Drivers/STM32F4xx_HAL_Driver/Inc/Legacy -I../Drivers/CMSIS/Device/ST/STM32F4xx/Include -I../Drivers/CMSIS/Include -O0 -ffunction-sections -fdata-sections -Wall -fstack-usage -fcyclomatic-complexity -MMD -MP -MF"Drivers/STM32F4xx_HAL_Driver/Src/stm32f4xx_hal_dma_ex.d" -MT"Drivers/STM32F4xx_HAL_Driver/Src/stm32f4xx_hal_dma_ex.o" --specs=nano.specs -mfpu=fpv4-sp-d16 -mfloat-abi=hard -mthumb -o "Drivers/STM32F4xx_HAL_Driver/Src/stm32f4xx_hal_dma_ex.o"
arm-none-eabi-gcc "../Drivers/STM32F4xx_HAL_Driver/Src/stm32f4xx_hal_exti.c" -mcpu=cortex-m4 -std=gnu11 -g3 -DDEBUG -DUSE_HAL_DRIVER -DSTM32F439xx -c -I../Core/Inc -I../Drivers/STM32F4xx_HAL_Driver/Inc -I../Drivers/STM32F4xx_HAL_Driver/Inc/Legacy -I../Drivers/CMSIS/Device/ST/STM32F4xx/Include -I../Drivers/CMSIS/Include -O0 -ffunction-sections -fdata-sections -Wall -fstack-usage -fcyclomatic-complexity -MMD -MP -MF"Drivers/STM32F4xx_HAL_Driver/Src/stm32f4xx_hal_exti.d" -MT"Drivers/STM32F4xx_HAL_Driver/Src/stm32f4xx_hal_exti.o" --specs=nano.specs -mfpu=fpv4-sp-d16 -mfloat-abi=hard -mthumb -o "Drivers/STM32F4xx_HAL_Driver/Src/stm32f4xx_hal_exti.o"
arm-none-eabi-gcc "../Drivers/STM32F4xx_HAL_Driver/Src/stm32f4xx_hal_flash.c" -mcpu=cortex-m4 -std=gnu11 -g3 -DDEBUG -DUSE_HAL_DRIVER -DSTM32F439xx -c -I../Core/Inc -I../Drivers/STM32F4xx_HAL_Driver/Inc -I../Drivers/STM32F4xx_HAL_Driver/Inc/Legacy -I../Drivers/CMSIS/Device/ST/STM32F4xx/Include -I../Drivers/CMSIS/Include -O0 -ffunction-sections -fdata-sections -Wall -fstack-usage -fcyclomatic-complexity -MMD -MP -MF"Drivers/STM32F4xx_HAL_Driver/Src/stm32f4xx_hal_flash.d" -MT"Drivers/STM32F4xx_HAL_Driver/Src/stm32f4xx_hal_flash.o" --specs=nano.specs -mfpu=fpv4-sp-d16 -mfloat-abi=hard -mthumb -o "Drivers/STM32F4xx_HAL_Driver/Src/stm32f4xx_hal_flash.o"
arm-none-eabi-gcc "../Drivers/STM32F4xx_HAL_Driver/Src/stm32f4xx_hal_flash_ex.c" -mcpu=cortex-m4 -std=gnu11 -g3 -DDEBUG -DUSE_HAL_DRIVER -DSTM32F439xx -c -I../Core/Inc -I../Drivers/STM32F4xx_HAL_Driver/Inc -I../Drivers/STM32F4xx_HAL_Driver/Inc/Legacy -I../Drivers/CMSIS/Device/ST/STM32F4xx/Include -I../Drivers/CMSIS/Include -O0 -ffunction-sections -fdata-sections -Wall -fstack-usage -fcyclomatic-complexity -MMD -MP -MF"Drivers/STM32F4xx_HAL_Driver/Src/stm32f4xx_hal_flash_ex.d" -MT"Drivers/STM32F4xx_HAL_Driver/Src/stm32f4xx_hal_flash_ex.o" --specs=nano.specs -mfpu=fpv4-sp-d16 -mfloat-abi=hard -mthumb -o "Drivers/STM32F4xx_HAL_Driver/Src/stm32f4xx_hal_flash_ex.o"
arm-none-eabi-gcc "../Drivers/STM32F4xx_HAL_Driver/Src/stm32f4xx_hal_flash_ramfunc.c" -mcpu=cortex-m4 -std=gnu11 -g3 -DDEBUG -DUSE_HAL_DRIVER -DSTM32F439xx -c -I../Core/Inc -I../Drivers/STM32F4xx_HAL_Driver/Inc -I../Drivers/STM32F4xx_HAL_Driver/Inc/Legacy -I../Drivers/CMSIS/Device/ST/STM32F4xx/Include -I../Drivers/CMSIS/Include -O0 -ffunction-sections -fdata-sections -Wall -fstack-usage -fcyclomatic-complexity -MMD -MP -MF"Drivers/STM32F4xx_HAL_Driver/Src/stm32f4xx_hal_flash_ramfunc.d" -MT"Drivers/STM32F4xx_HAL_Driver/Src/stm32f4xx_hal_flash_ramfunc.o" --specs=nano.specs -mfpu=fpv4-sp-d16 -mfloat-abi=hard -mthumb -o "Drivers/STM32F4xx_HAL_Driver/Src/stm32f4xx_hal_flash_ramfunc.o"
arm-none-eabi-gcc "../Drivers/STM32F4xx_HAL_Driver/Src/stm32f4xx_hal_gpio.c" -mcpu=cortex-m4 -std=gnu11 -g3 -DDEBUG -DUSE_HAL_DRIVER -DSTM32F439xx -c -I../Core/Inc -I../Drivers/STM32F4xx_HAL_Driver/Inc -I../Drivers/STM32F4xx_HAL_Driver/Inc/Legacy -I../Drivers/CMSIS/Device/ST/STM32F4xx/Include -I../Drivers/CMSIS/Include -O0 -ffunction-sections -fdata-sections -Wall -fstack-usage -fcyclomatic-complexity -MMD -MP -MF"Drivers/STM32F4xx_HAL_Driver/Src/stm32f4xx_hal_gpio.d" -MT"Drivers/STM32F4xx_HAL_Driver/Src/stm32f4xx_hal_gpio.o" --specs=nano.specs -mfpu=fpv4-sp-d16 -mfloat-abi=hard -mthumb -o "Drivers/STM32F4xx_HAL_Driver/Src/stm32f4xx_hal_gpio.o"
arm-none-eabi-gcc "../Drivers/STM32F4xx_HAL_Driver/Src/stm32f4xx_hal_pwr.c" -mcpu=cortex-m4 -std=gnu11 -g3 -DDEBUG -DUSE_HAL_DRIVER -DSTM32F439xx -c -I../Core/Inc -I../Drivers/STM32F4xx_HAL_Driver/Inc -I../Drivers/STM32F4xx_HAL_Driver/Inc/Legacy -I../Drivers/CMSIS/Device/ST/STM32F4xx/Include -I../Drivers/CMSIS/Include -O0 -ffunction-sections -fdata-sections -Wall -fstack-usage -fcyclomatic-complexity -MMD -MP -MF"Drivers/STM32F4xx_HAL_Driver/Src/stm32f4xx_hal_pwr.d" -MT"Drivers/STM32F4xx_HAL_Driver/Src/stm32f4xx_hal_pwr.o" --specs=nano.specs -mfpu=fpv4-sp-d16 -mfloat-abi=hard -mthumb -o "Drivers/STM32F4xx_HAL_Driver/Src/stm32f4xx_hal_pwr.o"
arm-none-eabi-gcc "../Drivers/STM32F4xx_HAL_Driver/Src/stm32f4xx_hal_pwr_ex.c" -mcpu=cortex-m4 -std=gnu11 -g3 -DDEBUG -DUSE_HAL_DRIVER -DSTM32F439xx -c -I../Core/Inc -I../Drivers/STM32F4xx_HAL_Driver/Inc -I../Drivers/STM32F4xx_HAL_Driver/Inc/Legacy -I../Drivers/CMSIS/Device/ST/STM32F4xx/Include -I../Drivers/CMSIS/Include -O0 -ffunction-sections -fdata-sections -Wall -fstack-usage -fcyclomatic-complexity -MMD -MP -MF"Drivers/STM32F4xx_HAL_Driver/Src/stm32f4xx_hal_pwr_ex.d" -MT"Drivers/STM32F4xx_HAL_Driver/Src/stm32f4xx_hal_pwr_ex.o" --specs=nano.specs -mfpu=fpv4-sp-d16 -mfloat-abi=hard -mthumb -o "Drivers/STM32F4xx_HAL_Driver/Src/stm32f4xx_hal_pwr_ex.o"
arm-none-eabi-gcc "../Drivers/STM32F4xx_HAL_Driver/Src/stm32f4xx_hal_rcc.c" -mcpu=cortex-m4 -std=gnu11 -g3 -DDEBUG -DUSE_HAL_DRIVER -DSTM32F439xx -c -I../Core/Inc -I../Drivers/STM32F4xx_HAL_Driver/Inc -I../Drivers/STM32F4xx_HAL_Driver/Inc/Legacy -I../Drivers/CMSIS/Device/ST/STM32F4xx/Include -I../Drivers/CMSIS/Include -O0 -ffunction-sections -fdata-sections -Wall -fstack-usage -fcyclomatic-complexity -MMD -MP -MF"Drivers/STM32F4xx_HAL_Driver/Src/stm32f4xx_hal_rcc.d" -MT"Drivers/STM32F4xx_HAL_Driver/Src/stm32f4xx_hal_rcc.o" --specs=nano.specs -mfpu=fpv4-sp-d16 -mfloat-abi=hard -mthumb -o "Drivers/STM32F4xx_HAL_Driver/Src/stm32f4xx_hal_rcc.o"
arm-none-eabi-gcc "../Drivers/STM32F4xx_HAL_Driver/Src/stm32f4xx_hal_rcc_ex.c" -mcpu=cortex-m4 -std=gnu11 -g3 -DDEBUG -DUSE_HAL_DRIVER -DSTM32F439xx -c -I../Core/Inc -I../Drivers/STM32F4xx_HAL_Driver/Inc -I../Drivers/STM32F4xx_HAL_Driver/Inc/Legacy -I../Drivers/CMSIS/Device/ST/STM32F4xx/Include -I../Drivers/CMSIS/Include -O0 -ffunction-sections -fdata-sections -Wall -fstack-usage -fcyclomatic-complexity -MMD -MP -MF"Drivers/STM32F4xx_HAL_Driver/Src/stm32f4xx_hal_rcc_ex.d" -MT"Drivers/STM32F4xx_HAL_Driver/Src/stm32f4xx_hal_rcc_ex.o" --specs=nano.specs -mfpu=fpv4-sp-d16 -mfloat-abi=hard -mthumb -o "Drivers/STM32F4xx_HAL_Driver/Src/stm32f4xx_hal_rcc_ex.o"
arm-none-eabi-gcc "../Drivers/STM32F4xx_HAL_Driver/Src/stm32f4xx_hal_spi.c" -mcpu=cortex-m4 -std=gnu11 -g3 -DDEBUG -DUSE_HAL_DRIVER -DSTM32F439xx -c -I../Core/Inc -I../Drivers/STM32F4xx_HAL_Driver/Inc -I../Drivers/STM32F4xx_HAL_Driver/Inc/Legacy -I../Drivers/CMSIS/Device/ST/STM32F4xx/Include -I../Drivers/CMSIS/Include -O0 -ffunction-sections -fdata-sections -Wall -fstack-usage -fcyclomatic-complexity -MMD -MP -MF"Drivers/STM32F4xx_HAL_Driver/Src/stm32f4xx_hal_spi.d" -MT"Drivers/STM32F4xx_HAL_Driver/Src/stm32f4xx_hal_spi.o" --specs=nano.specs -mfpu=fpv4-sp-d16 -mfloat-abi=hard -mthumb -o "Drivers/STM32F4xx_HAL_Driver/Src/stm32f4xx_hal_spi.o"
arm-none-eabi-gcc "../Drivers/STM32F4xx_HAL_Driver/Src/stm32f4xx_hal_tim.c" -mcpu=cortex-m4 -std=gnu11 -g3 -DDEBUG -DUSE_HAL_DRIVER -DSTM32F439xx -c -I../Core/Inc -I../Drivers/STM32F4xx_HAL_Driver/Inc -I../Drivers/STM32F4xx_HAL_Driver/Inc/Legacy -I../Drivers/CMSIS/Device/ST/STM32F4xx/Include -I../Drivers/CMSIS/Include -O0 -ffunction-sections -fdata-sections -Wall -fstack-usage -fcyclomatic-complexity -MMD -MP -MF"Drivers/STM32F4xx_HAL_Driver/Src/stm32f4xx_hal_tim.d" -MT"Drivers/STM32F4xx_HAL_Driver/Src/stm32f4xx_hal_tim.o" --specs=nano.specs -mfpu=fpv4-sp-d16 -mfloat-abi=hard -mthumb -o "Drivers/STM32F4xx_HAL_Driver/Src/stm32f4xx_hal_tim.o"
arm-none-eabi-gcc "../Drivers/STM32F4xx_HAL_Driver/Src/stm32f4xx_hal_tim_ex.c" -mcpu=cortex-m4 -std=gnu11 -g3 -DDEBUG -DUSE_HAL_DRIVER -DSTM32F439xx -c -I../Core/Inc -I../Drivers/STM32F4xx_HAL_Driver/Inc -I../Drivers/STM32F4xx_HAL_Driver/Inc/Legacy -I../Drivers/CMSIS/Device/ST/STM32F4xx/Include -I../Drivers/CMSIS/Include -O0 -ffunction-sections -fdata-sections -Wall -fstack-usage -fcyclomatic-complexity -MMD -MP -MF"Drivers/STM32F4xx_HAL_Driver/Src/stm32f4xx_hal_tim_ex.d" -MT"Drivers/STM32F4xx_HAL_Driver/Src/stm32f4xx_hal_tim_ex.o" --specs=nano.specs -mfpu=fpv4-sp-d16 -mfloat-abi=hard -mthumb -o "Drivers/STM32F4xx_HAL_Driver/Src/stm32f4xx_hal_tim_ex.o"
arm-none-eabi-gcc -mcpu=cortex-m4 -g3 -DDEBUG -c -x assembler-with-cpp -MMD -MP -MF"Core/Startup/startup_stm32f439zitx.d" -MT"Core/Startup/startup_stm32f439zitx.o" --specs=nano.specs -mfpu=fpv4-sp-d16 -mfloat-abi=hard -mthumb -o "Core/Startup/startup_stm32f439zitx.o" "../Core/Startup/startup_stm32f439zitx.s"
arm-none-eabi-gcc "../Core/Src/main.c" -mcpu=cortex-m4 -std=gnu11 -g3 -DDEBUG -DUSE_HAL_DRIVER -DSTM32F439xx -c -I../Core/Inc -I../Drivers/STM32F4xx_HAL_Driver/Inc -I../Drivers/STM32F4xx_HAL_Driver/Inc/Legacy -I../Drivers/CMSIS/Device/ST/STM32F4xx/Include -I../Drivers/CMSIS/Include -O0 -ffunction-sections -fdata-sections -Wall -fstack-usage -fcyclomatic-complexity -MMD -MP -MF"Core/Src/main.d" -MT"Core/Src/main.o" --specs=nano.specs -mfpu=fpv4-sp-d16 -mfloat-abi=hard -mthumb -o "Core/Src/main.o"
arm-none-eabi-gcc "../Core/Src/stm32f4xx_hal_msp.c" -mcpu=cortex-m4 -std=gnu11 -g3 -DDEBUG -DUSE_HAL_DRIVER -DSTM32F439xx -c -I../Core/Inc -I../Drivers/STM32F4xx_HAL_Driver/Inc -I../Drivers/STM32F4xx_HAL_Driver/Inc/Legacy -I../Drivers/CMSIS/Device/ST/STM32F4xx/Include -I../Drivers/CMSIS/Include -O0 -ffunction-sections -fdata-sections -Wall -fstack-usage -fcyclomatic-complexity -MMD -MP -MF"Core/Src/stm32f4xx_hal_msp.d" -MT"Core/Src/stm32f4xx_hal_msp.o" --specs=nano.specs -mfpu=fpv4-sp-d16 -mfloat-abi=hard -mthumb -o "Core/Src/stm32f4xx_hal_msp.o"
arm-none-eabi-gcc "../Core/Src/stm32f4xx_it.c" -mcpu=cortex-m4 -std=gnu11 -g3 -DDEBUG -DUSE_HAL_DRIVER -DSTM32F439xx -c -I../Core/Inc -I../Drivers/STM32F4xx_HAL_Driver/Inc -I../Drivers/STM32F4xx_HAL_Driver/Inc/Legacy -I../Drivers/CMSIS/Device/ST/STM32F4xx/Include -I../Drivers/CMSIS/Include -O0 -ffunction-sections -fdata-sections -Wall -fstack-usage -fcyclomatic-complexity -MMD -MP -MF"Core/Src/stm32f4xx_it.d" -MT"Core/Src/stm32f4xx_it.o" --specs=nano.specs -mfpu=fpv4-sp-d16 -mfloat-abi=hard -mthumb -o "Core/Src/stm32f4xx_it.o"
arm-none-eabi-gcc "../Core/Src/syscalls.c" -mcpu=cortex-m4 -std=gnu11 -g3 -DDEBUG -DUSE_HAL_DRIVER -DSTM32F439xx -c -I../Core/Inc -I../Drivers/STM32F4xx_HAL_Driver/Inc -I../Drivers/STM32F4xx_HAL_Driver/Inc/Legacy -I../Drivers/CMSIS/Device/ST/STM32F4xx/Include -I../Drivers/CMSIS/Include -O0 -ffunction-sections -fdata-sections -Wall -fstack-usage -fcyclomatic-complexity -MMD -MP -MF"Core/Src/syscalls.d" -MT"Core/Src/syscalls.o" --specs=nano.specs -mfpu=fpv4-sp-d16 -mfloat-abi=hard -mthumb -o "Core/Src/syscalls.o"
arm-none-eabi-gcc "../Core/Src/sysmem.c" -mcpu=cortex-m4 -std=gnu11 -g3 -DDEBUG -DUSE_HAL_DRIVER -DSTM32F439xx -c -I../Core/Inc -I../Drivers/STM32F4xx_HAL_Driver/Inc -I../Drivers/STM32F4xx_HAL_Driver/Inc/Legacy -I../Drivers/CMSIS/Device/ST/STM32F4xx/Include -I../Drivers/CMSIS/Include -O0 -ffunction-sections -fdata-sections -Wall -fstack-usage -fcyclomatic-complexity -MMD -MP -MF"Core/Src/sysmem.d" -MT"Core/Src/sysmem.o" --specs=nano.specs -mfpu=fpv4-sp-d16 -mfloat-abi=hard -mthumb -o "Core/Src/sysmem.o"
arm-none-eabi-gcc "../Core/Src/system_stm32f4xx.c" -mcpu=cortex-m4 -std=gnu11 -g3 -DDEBUG -DUSE_HAL_DRIVER -DSTM32F439xx -c -I../Core/Inc -I../Drivers/STM32F4xx_HAL_Driver/Inc -I../Drivers/STM32F4xx_HAL_Driver/Inc/Legacy -I../Drivers/CMSIS/Device/ST/STM32F4xx/Include -I../Drivers/CMSIS/Include -O0 -ffunction-sections -fdata-sections -Wall -fstack-usage -fcyclomatic-complexity -MMD -MP -MF"Core/Src/system_stm32f4xx.d" -MT"Core/Src/system_stm32f4xx.o" --specs=nano.specs -mfpu=fpv4-sp-d16 -mfloat-abi=hard -mthumb -o "Core/Src/system_stm32f4xx.o"
arm-none-eabi-gcc -o "intrgrated_try_1.elf" @"objects.list"   -mcpu=cortex-m4 -T"D:\Assignments\MES\Projest\entire\integrated\intrgrated_try_1\STM32F439ZITX_FLASH.ld" --specs=nosys.specs -Wl,-Map="intrgrated_try_1.map" -Wl,--gc-sections -static --specs=nano.specs -mfpu=fpv4-sp-d16 -mfloat-abi=hard -mthumb -Wl,--start-group -lc -lm -Wl,--end-group
Finished building target: intrgrated_try_1.elf
 
arm-none-eabi-size  intrgrated_try_1.elf 
arm-none-eabi-objdump -h -S intrgrated_try_1.elf  > "intrgrated_try_1.list"
   text	   data	    bss	    dec	    hex	filename
   9804	     20	   1732	  11556	   2d24	intrgrated_try_1.elf
Finished building: default.size.stdout
 
Finished building: intrgrated_try_1.list
 
02:08:02 **** Incremental Build of configuration Debug for project intrgrated_try_1 ****
make -j16 all 
arm-none-eabi-gcc "../Core/Src/main.c" -mcpu=cortex-m4 -std=gnu11 -g3 -DDEBUG -DUSE_HAL_DRIVER -DSTM32F439xx -c -I../Core/Inc -I../Drivers/STM32F4xx_HAL_Driver/Inc -I../Drivers/STM32F4xx_HAL_Driver/Inc/Legacy -I../Drivers/CMSIS/Device/ST/STM32F4xx/Include -I../Drivers/CMSIS/Include -O0 -ffunction-sections -fdata-sections -Wall -fstack-usage -fcyclomatic-complexity -MMD -MP -MF"Core/Src/main.d" -MT"Core/Src/main.o" --specs=nano.specs -mfpu=fpv4-sp-d16 -mfloat-abi=hard -mthumb -o "Core/Src/main.o"
arm-none-eabi-gcc -o "intrgrated_try_1.elf" @"objects.list"   -mcpu=cortex-m4 -T"D:\Assignments\MES\Projest\entire\integrated\intrgrated_try_1\STM32F439ZITX_FLASH.ld" --specs=nosys.specs -Wl,-Map="intrgrated_try_1.map" -Wl,--gc-sections -static --specs=nano.specs -mfpu=fpv4-sp-d16 -mfloat-abi=hard -mthumb -Wl,--start-group -lc -lm -Wl,--end-group
Finished building target: intrgrated_try_1.elf
 
arm-none-eabi-size  intrgrated_try_1.elf 
arm-none-eabi-objdump -h -S intrgrated_try_1.elf  > "intrgrated_try_1.list"
   text	   data	    bss	    dec	    hex	filename
   9804	     20	   1732	  11556	   2d24	intrgrated_try_1.elf
Finished building: default.size.stdout
 
Finished building: intrgrated_try_1.list
 
02:08:38 **** Incremental Build of configuration Debug for project intrgrated_try_1 ****
make -j16 all 
arm-none-eabi-gcc "../Core/Src/main.c" -mcpu=cortex-m4 -std=gnu11 -g3 -DDEBUG -DUSE_HAL_DRIVER -DSTM32F439xx -c -I../Core/Inc -I../Drivers/STM32F4xx_HAL_Driver/Inc -I../Drivers/STM32F4xx_HAL_Driver/Inc/Legacy -I../Drivers/CMSIS/Device/ST/STM32F4xx/Include -I../Drivers/CMSIS/Include -O0 -ffunction-sections -fdata-sections -Wall -fstack-usage -fcyclomatic-complexity -MMD -MP -MF"Core/Src/main.d" -MT"Core/Src/main.o" --specs=nano.specs -mfpu=fpv4-sp-d16 -mfloat-abi=hard -mthumb -o "Core/Src/main.o"
arm-none-eabi-gcc "../Core/Src/rc522.c" -mcpu=cortex-m4 -std=gnu11 -g3 -DDEBUG -DUSE_HAL_DRIVER -DSTM32F439xx -c -I../Core/Inc -I../Drivers/STM32F4xx_HAL_Driver/Inc -I../Drivers/STM32F4xx_HAL_Driver/Inc/Legacy -I../Drivers/CMSIS/Device/ST/STM32F4xx/Include -I../Drivers/CMSIS/Include -O0 -ffunction-sections -fdata-sections -Wall -fstack-usage -fcyclomatic-complexity -MMD -MP -MF"Core/Src/rc522.d" -MT"Core/Src/rc522.o" --specs=nano.specs -mfpu=fpv4-sp-d16 -mfloat-abi=hard -mthumb -o "Core/Src/rc522.o"
arm-none-eabi-gcc "../Core/Src/stm32f4xx_hal_msp.c" -mcpu=cortex-m4 -std=gnu11 -g3 -DDEBUG -DUSE_HAL_DRIVER -DSTM32F439xx -c -I../Core/Inc -I../Drivers/STM32F4xx_HAL_Driver/Inc -I../Drivers/STM32F4xx_HAL_Driver/Inc/Legacy -I../Drivers/CMSIS/Device/ST/STM32F4xx/Include -I../Drivers/CMSIS/Include -O0 -ffunction-sections -fdata-sections -Wall -fstack-usage -fcyclomatic-complexity -MMD -MP -MF"Core/Src/stm32f4xx_hal_msp.d" -MT"Core/Src/stm32f4xx_hal_msp.o" --specs=nano.specs -mfpu=fpv4-sp-d16 -mfloat-abi=hard -mthumb -o "Core/Src/stm32f4xx_hal_msp.o"
arm-none-eabi-gcc "../Core/Src/stm32f4xx_it.c" -mcpu=cortex-m4 -std=gnu11 -g3 -DDEBUG -DUSE_HAL_DRIVER -DSTM32F439xx -c -I../Core/Inc -I../Drivers/STM32F4xx_HAL_Driver/Inc -I../Drivers/STM32F4xx_HAL_Driver/Inc/Legacy -I../Drivers/CMSIS/Device/ST/STM32F4xx/Include -I../Drivers/CMSIS/Include -O0 -ffunction-sections -fdata-sections -Wall -fstack-usage -fcyclomatic-complexity -MMD -MP -MF"Core/Src/stm32f4xx_it.d" -MT"Core/Src/stm32f4xx_it.o" --specs=nano.specs -mfpu=fpv4-sp-d16 -mfloat-abi=hard -mthumb -o "Core/Src/stm32f4xx_it.o"
arm-none-eabi-gcc "../Core/Src/syscalls.c" -mcpu=cortex-m4 -std=gnu11 -g3 -DDEBUG -DUSE_HAL_DRIVER -DSTM32F439xx -c -I../Core/Inc -I../Drivers/STM32F4xx_HAL_Driver/Inc -I../Drivers/STM32F4xx_HAL_Driver/Inc/Legacy -I../Drivers/CMSIS/Device/ST/STM32F4xx/Include -I../Drivers/CMSIS/Include -O0 -ffunction-sections -fdata-sections -Wall -fstack-usage -fcyclomatic-complexity -MMD -MP -MF"Core/Src/syscalls.d" -MT"Core/Src/syscalls.o" --specs=nano.specs -mfpu=fpv4-sp-d16 -mfloat-abi=hard -mthumb -o "Core/Src/syscalls.o"
arm-none-eabi-gcc "../Core/Src/sysmem.c" -mcpu=cortex-m4 -std=gnu11 -g3 -DDEBUG -DUSE_HAL_DRIVER -DSTM32F439xx -c -I../Core/Inc -I../Drivers/STM32F4xx_HAL_Driver/Inc -I../Drivers/STM32F4xx_HAL_Driver/Inc/Legacy -I../Drivers/CMSIS/Device/ST/STM32F4xx/Include -I../Drivers/CMSIS/Include -O0 -ffunction-sections -fdata-sections -Wall -fstack-usage -fcyclomatic-complexity -MMD -MP -MF"Core/Src/sysmem.d" -MT"Core/Src/sysmem.o" --specs=nano.specs -mfpu=fpv4-sp-d16 -mfloat-abi=hard -mthumb -o "Core/Src/sysmem.o"
arm-none-eabi-gcc "../Core/Src/system_stm32f4xx.c" -mcpu=cortex-m4 -std=gnu11 -g3 -DDEBUG -DUSE_HAL_DRIVER -DSTM32F439xx -c -I../Core/Inc -I../Drivers/STM32F4xx_HAL_Driver/Inc -I../Drivers/STM32F4xx_HAL_Driver/Inc/Legacy -I../Drivers/CMSIS/Device/ST/STM32F4xx/Include -I../Drivers/CMSIS/Include -O0 -ffunction-sections -fdata-sections -Wall -fstack-usage -fcyclomatic-complexity -MMD -MP -MF"Core/Src/system_stm32f4xx.d" -MT"Core/Src/system_stm32f4xx.o" --specs=nano.specs -mfpu=fpv4-sp-d16 -mfloat-abi=hard -mthumb -o "Core/Src/system_stm32f4xx.o"
arm-none-eabi-gcc -o "intrgrated_try_1.elf" @"objects.list"   -mcpu=cortex-m4 -T"D:\Assignments\MES\Projest\entire\integrated\intrgrated_try_1\STM32F439ZITX_FLASH.ld" --specs=nosys.specs -Wl,-Map="intrgrated_try_1.map" -Wl,--gc-sections -static --specs=nano.specs -mfpu=fpv4-sp-d16 -mfloat-abi=hard -mthumb -Wl,--start-group -lc -lm -Wl,--end-group
Finished building target: intrgrated_try_1.elf
 
arm-none-eabi-size  intrgrated_try_1.elf 
arm-none-eabi-objdump -h -S intrgrated_try_1.elf  > "intrgrated_try_1.list"
   text	   data	    bss	    dec	    hex	filename
   9804	     20	   1732	  11556	   2d24	intrgrated_try_1.elf
Finished building: default.size.stdout
 
Finished building: intrgrated_try_1.list
 
02:21:12 **** Incremental Build of configuration Debug for project intrgrated_try_1 ****
make -j16 all 
arm-none-eabi-gcc "../Core/Src/lcd.c" -mcpu=cortex-m4 -std=gnu11 -g3 -DDEBUG -DUSE_HAL_DRIVER -DSTM32F439xx -c -I../Core/Inc -I../Drivers/STM32F4xx_HAL_Driver/Inc -I../Drivers/STM32F4xx_HAL_Driver/Inc/Legacy -I../Drivers/CMSIS/Device/ST/STM32F4xx/Include -I../Drivers/CMSIS/Include -O0 -ffunction-sections -fdata-sections -Wall -fstack-usage -fcyclomatic-complexity -MMD -MP -MF"Core/Src/lcd.d" -MT"Core/Src/lcd.o" --specs=nano.specs -mfpu=fpv4-sp-d16 -mfloat-abi=hard -mthumb -o "Core/Src/lcd.o"
arm-none-eabi-gcc "../Core/Src/main.c" -mcpu=cortex-m4 -std=gnu11 -g3 -DDEBUG -DUSE_HAL_DRIVER -DSTM32F439xx -c -I../Core/Inc -I../Drivers/STM32F4xx_HAL_Driver/Inc -I../Drivers/STM32F4xx_HAL_Driver/Inc/Legacy -I../Drivers/CMSIS/Device/ST/STM32F4xx/Include -I../Drivers/CMSIS/Include -O0 -ffunction-sections -fdata-sections -Wall -fstack-usage -fcyclomatic-complexity -MMD -MP -MF"Core/Src/main.d" -MT"Core/Src/main.o" --specs=nano.specs -mfpu=fpv4-sp-d16 -mfloat-abi=hard -mthumb -o "Core/Src/main.o"
arm-none-eabi-gcc "../Core/Src/rc522.c" -mcpu=cortex-m4 -std=gnu11 -g3 -DDEBUG -DUSE_HAL_DRIVER -DSTM32F439xx -c -I../Core/Inc -I../Drivers/STM32F4xx_HAL_Driver/Inc -I../Drivers/STM32F4xx_HAL_Driver/Inc/Legacy -I../Drivers/CMSIS/Device/ST/STM32F4xx/Include -I../Drivers/CMSIS/Include -O0 -ffunction-sections -fdata-sections -Wall -fstack-usage -fcyclomatic-complexity -MMD -MP -MF"Core/Src/rc522.d" -MT"Core/Src/rc522.o" --specs=nano.specs -mfpu=fpv4-sp-d16 -mfloat-abi=hard -mthumb -o "Core/Src/rc522.o"
arm-none-eabi-gcc "../Core/Src/stm32f4xx_hal_msp.c" -mcpu=cortex-m4 -std=gnu11 -g3 -DDEBUG -DUSE_HAL_DRIVER -DSTM32F439xx -c -I../Core/Inc -I../Drivers/STM32F4xx_HAL_Driver/Inc -I../Drivers/STM32F4xx_HAL_Driver/Inc/Legacy -I../Drivers/CMSIS/Device/ST/STM32F4xx/Include -I../Drivers/CMSIS/Include -O0 -ffunction-sections -fdata-sections -Wall -fstack-usage -fcyclomatic-complexity -MMD -MP -MF"Core/Src/stm32f4xx_hal_msp.d" -MT"Core/Src/stm32f4xx_hal_msp.o" --specs=nano.specs -mfpu=fpv4-sp-d16 -mfloat-abi=hard -mthumb -o "Core/Src/stm32f4xx_hal_msp.o"
arm-none-eabi-gcc "../Core/Src/stm32f4xx_it.c" -mcpu=cortex-m4 -std=gnu11 -g3 -DDEBUG -DUSE_HAL_DRIVER -DSTM32F439xx -c -I../Core/Inc -I../Drivers/STM32F4xx_HAL_Driver/Inc -I../Drivers/STM32F4xx_HAL_Driver/Inc/Legacy -I../Drivers/CMSIS/Device/ST/STM32F4xx/Include -I../Drivers/CMSIS/Include -O0 -ffunction-sections -fdata-sections -Wall -fstack-usage -fcyclomatic-complexity -MMD -MP -MF"Core/Src/stm32f4xx_it.d" -MT"Core/Src/stm32f4xx_it.o" --specs=nano.specs -mfpu=fpv4-sp-d16 -mfloat-abi=hard -mthumb -o "Core/Src/stm32f4xx_it.o"
arm-none-eabi-gcc "../Core/Src/syscalls.c" -mcpu=cortex-m4 -std=gnu11 -g3 -DDEBUG -DUSE_HAL_DRIVER -DSTM32F439xx -c -I../Core/Inc -I../Drivers/STM32F4xx_HAL_Driver/Inc -I../Drivers/STM32F4xx_HAL_Driver/Inc/Legacy -I../Drivers/CMSIS/Device/ST/STM32F4xx/Include -I../Drivers/CMSIS/Include -O0 -ffunction-sections -fdata-sections -Wall -fstack-usage -fcyclomatic-complexity -MMD -MP -MF"Core/Src/syscalls.d" -MT"Core/Src/syscalls.o" --specs=nano.specs -mfpu=fpv4-sp-d16 -mfloat-abi=hard -mthumb -o "Core/Src/syscalls.o"
arm-none-eabi-gcc "../Core/Src/sysmem.c" -mcpu=cortex-m4 -std=gnu11 -g3 -DDEBUG -DUSE_HAL_DRIVER -DSTM32F439xx -c -I../Core/Inc -I../Drivers/STM32F4xx_HAL_Driver/Inc -I../Drivers/STM32F4xx_HAL_Driver/Inc/Legacy -I../Drivers/CMSIS/Device/ST/STM32F4xx/Include -I../Drivers/CMSIS/Include -O0 -ffunction-sections -fdata-sections -Wall -fstack-usage -fcyclomatic-complexity -MMD -MP -MF"Core/Src/sysmem.d" -MT"Core/Src/sysmem.o" --specs=nano.specs -mfpu=fpv4-sp-d16 -mfloat-abi=hard -mthumb -o "Core/Src/sysmem.o"
arm-none-eabi-gcc "../Core/Src/system_stm32f4xx.c" -mcpu=cortex-m4 -std=gnu11 -g3 -DDEBUG -DUSE_HAL_DRIVER -DSTM32F439xx -c -I../Core/Inc -I../Drivers/STM32F4xx_HAL_Driver/Inc -I../Drivers/STM32F4xx_HAL_Driver/Inc/Legacy -I../Drivers/CMSIS/Device/ST/STM32F4xx/Include -I../Drivers/CMSIS/Include -O0 -ffunction-sections -fdata-sections -Wall -fstack-usage -fcyclomatic-complexity -MMD -MP -MF"Core/Src/system_stm32f4xx.d" -MT"Core/Src/system_stm32f4xx.o" --specs=nano.specs -mfpu=fpv4-sp-d16 -mfloat-abi=hard -mthumb -o "Core/Src/system_stm32f4xx.o"
../Core/Src/lcd.c:33:7: error: unknown type name 'uint8_t'
   33 | const uint8_t ROW_16[] = {0x00, 0x40, 0x10, 0x50};
      |       ^~~~~~~
../Core/Src/lcd.c:34:7: error: unknown type name 'uint8_t'
   34 | const uint8_t ROW_20[] = {0x00, 0x40, 0x14, 0x54};
      |       ^~~~~~~
../Core/Src/lcd.c:37:28: error: unknown type name 'Lcd_HandleTypeDef'
   37 | static void lcd_write_data(Lcd_HandleTypeDef * lcd, uint8_t data);
      |                            ^~~~~~~~~~~~~~~~~
../Core/Src/lcd.c:37:53: error: unknown type name 'uint8_t'
   37 | static void lcd_write_data(Lcd_HandleTypeDef * lcd, uint8_t data);
      |                                                     ^~~~~~~
../Core/Src/lcd.c:33:1: note: 'uint8_t' is defined in header '<stdint.h>'; did you forget to '#include <stdint.h>'?
   32 | #include "lcd.h"
  +++ |+#include <stdint.h>
   33 | const uint8_t ROW_16[] = {0x00, 0x40, 0x10, 0x50};
../Core/Src/lcd.c:38:31: error: unknown type name 'Lcd_HandleTypeDef'
   38 | static void lcd_write_command(Lcd_HandleTypeDef * lcd, uint8_t command);
      |                               ^~~~~~~~~~~~~~~~~
../Core/Src/lcd.c:38:56: error: unknown type name 'uint8_t'
   38 | static void lcd_write_command(Lcd_HandleTypeDef * lcd, uint8_t command);
      |                                                        ^~~~~~~
../Core/Src/lcd.c:38:56: note: 'uint8_t' is defined in header '<stdint.h>'; did you forget to '#include <stdint.h>'?
../Core/Src/lcd.c:39:23: error: unknown type name 'Lcd_HandleTypeDef'
   39 | static void lcd_write(Lcd_HandleTypeDef * lcd, uint8_t data, uint8_t len);
      |                       ^~~~~~~~~~~~~~~~~
../Core/Src/lcd.c:39:48: error: unknown type name 'uint8_t'
   39 | static void lcd_write(Lcd_HandleTypeDef * lcd, uint8_t data, uint8_t len);
      |                                                ^~~~~~~
../Core/Src/lcd.c:39:48: note: 'uint8_t' is defined in header '<stdint.h>'; did you forget to '#include <stdint.h>'?
../Core/Src/lcd.c:39:62: error: unknown type name 'uint8_t'
   39 | static void lcd_write(Lcd_HandleTypeDef * lcd, uint8_t data, uint8_t len);
      |                                                              ^~~~~~~
../Core/Src/lcd.c:39:62: note: 'uint8_t' is defined in header '<stdint.h>'; did you forget to '#include <stdint.h>'?
../Core/Src/lcd.c:47:1: error: unknown type name 'Lcd_HandleTypeDef'
   47 | Lcd_HandleTypeDef Lcd_create(
      | ^~~~~~~~~~~~~~~~~
../Core/Src/lcd.c:48:17: error: unknown type name 'Lcd_PortType'
   48 |                 Lcd_PortType port[], Lcd_PinType pin[],
      |                 ^~~~~~~~~~~~
../Core/Src/lcd.c:48:38: error: unknown type name 'Lcd_PinType'
   48 |                 Lcd_PortType port[], Lcd_PinType pin[],
      |                                      ^~~~~~~~~~~
../Core/Src/lcd.c:49:17: error: unknown type name 'Lcd_PortType'
   49 |                 Lcd_PortType rs_port, Lcd_PinType rs_pin,
      |                 ^~~~~~~~~~~~
../Core/Src/lcd.c:49:39: error: unknown type name 'Lcd_PinType'
   49 |                 Lcd_PortType rs_port, Lcd_PinType rs_pin,
      |                                       ^~~~~~~~~~~
../Core/Src/lcd.c:50:17: error: unknown type name 'Lcd_PortType'
   50 |                 Lcd_PortType en_port, Lcd_PinType en_pin, Lcd_ModeTypeDef mode)
      |                 ^~~~~~~~~~~~
../Core/Src/lcd.c:50:39: error: unknown type name 'Lcd_PinType'
   50 |                 Lcd_PortType en_port, Lcd_PinType en_pin, Lcd_ModeTypeDef mode)
      |                                       ^~~~~~~~~~~
../Core/Src/lcd.c:50:59: error: unknown type name 'Lcd_ModeTypeDef'
   50 |                 Lcd_PortType en_port, Lcd_PinType en_pin, Lcd_ModeTypeDef mode)
      |                                                           ^~~~~~~~~~~~~~~
../Core/Src/lcd.c:73:15: error: unknown type name 'Lcd_HandleTypeDef'
   73 | void Lcd_init(Lcd_HandleTypeDef * lcd)
      |               ^~~~~~~~~~~~~~~~~
../Core/Src/lcd.c:93:14: error: unknown type name 'Lcd_HandleTypeDef'
   93 | void Lcd_int(Lcd_HandleTypeDef * lcd, int number)
      |              ^~~~~~~~~~~~~~~~~
../Core/Src/lcd.c:104:17: error: unknown type name 'Lcd_HandleTypeDef'
  104 | void Lcd_string(Lcd_HandleTypeDef * lcd, char * string)
      |                 ^~~~~~~~~~~~~~~~~
../Core/Src/lcd.c:112:16: error: unknown type name 'Lcd_HandleTypeDef'
  112 | void Lcd_array(Lcd_HandleTypeDef * lcd, uint8_t tag[], int r, int c, int n)
      |                ^~~~~~~~~~~~~~~~~
../Core/Src/lcd.c:112:41: error: unknown type name 'uint8_t'
  112 | void Lcd_array(Lcd_HandleTypeDef * lcd, uint8_t tag[], int r, int c, int n)
      |                                         ^~~~~~~
../Core/Src/lcd.c:112:41: note: 'uint8_t' is defined in header '<stdint.h>'; did you forget to '#include <stdint.h>'?
../Core/Src/lcd.c:127:17: error: unknown type name 'Lcd_HandleTypeDef'
  127 | void Lcd_cursor(Lcd_HandleTypeDef * lcd, uint8_t row, uint8_t col)
      |                 ^~~~~~~~~~~~~~~~~
../Core/Src/lcd.c:127:42: error: unknown type name 'uint8_t'
  127 | void Lcd_cursor(Lcd_HandleTypeDef * lcd, uint8_t row, uint8_t col)
      |                                          ^~~~~~~
../Core/Src/lcd.c:127:42: note: 'uint8_t' is defined in header '<stdint.h>'; did you forget to '#include <stdint.h>'?
../Core/Src/lcd.c:127:55: error: unknown type name 'uint8_t'
  127 | void Lcd_cursor(Lcd_HandleTypeDef * lcd, uint8_t row, uint8_t col)
      |                                                       ^~~~~~~
../Core/Src/lcd.c:127:55: note: 'uint8_t' is defined in header '<stdint.h>'; did you forget to '#include <stdint.h>'?
../Core/Src/lcd.c:141:16: error: unknown type name 'Lcd_HandleTypeDef'
  141 | void Lcd_clear(Lcd_HandleTypeDef * lcd) {
      |                ^~~~~~~~~~~~~~~~~
../Core/Src/lcd.c:145:22: error: unknown type name 'Lcd_HandleTypeDef'
  145 | void Lcd_define_char(Lcd_HandleTypeDef * lcd, uint8_t code, uint8_t bitmap[]){
      |                      ^~~~~~~~~~~~~~~~~
../Core/Src/lcd.c:145:47: error: unknown type name 'uint8_t'
  145 | void Lcd_define_char(Lcd_HandleTypeDef * lcd, uint8_t code, uint8_t bitmap[]){
      |                                               ^~~~~~~
../Core/Src/lcd.c:145:47: note: 'uint8_t' is defined in header '<stdint.h>'; did you forget to '#include <stdint.h>'?
../Core/Src/lcd.c:145:61: error: unknown type name 'uint8_t'
  145 | void Lcd_define_char(Lcd_HandleTypeDef * lcd, uint8_t code, uint8_t bitmap[]){
      |                                                             ^~~~~~~
../Core/Src/lcd.c:145:61: note: 'uint8_t' is defined in header '<stdint.h>'; did you forget to '#include <stdint.h>'?
../Core/Src/lcd.c:159:24: error: unknown type name 'Lcd_HandleTypeDef'
  159 | void lcd_write_command(Lcd_HandleTypeDef * lcd, uint8_t command)
      |                        ^~~~~~~~~~~~~~~~~
../Core/Src/lcd.c:159:49: error: unknown type name 'uint8_t'
  159 | void lcd_write_command(Lcd_HandleTypeDef * lcd, uint8_t command)
      |                                                 ^~~~~~~
../Core/Src/lcd.c:159:49: note: 'uint8_t' is defined in header '<stdint.h>'; did you forget to '#include <stdint.h>'?
../Core/Src/lcd.c:178:21: error: unknown type name 'Lcd_HandleTypeDef'
  178 | void lcd_write_data(Lcd_HandleTypeDef * lcd, uint8_t data)
      |                     ^~~~~~~~~~~~~~~~~
../Core/Src/lcd.c:178:46: error: unknown type name 'uint8_t'
  178 | void lcd_write_data(Lcd_HandleTypeDef * lcd, uint8_t data)
      |                                              ^~~~~~~
../Core/Src/lcd.c:178:46: note: 'uint8_t' is defined in header '<stdint.h>'; did you forget to '#include <stdint.h>'?
../Core/Src/lcd.c:197:16: error: unknown type name 'Lcd_HandleTypeDef'
  197 | void lcd_write(Lcd_HandleTypeDef * lcd, uint8_t data, uint8_t len)
      |                ^~~~~~~~~~~~~~~~~
../Core/Src/lcd.c:197:41: error: unknown type name 'uint8_t'
  197 | void lcd_write(Lcd_HandleTypeDef * lcd, uint8_t data, uint8_t len)
      |                                         ^~~~~~~
../Core/Src/lcd.c:197:41: note: 'uint8_t' is defined in header '<stdint.h>'; did you forget to '#include <stdint.h>'?
../Core/Src/lcd.c:197:55: error: unknown type name 'uint8_t'
  197 | void lcd_write(Lcd_HandleTypeDef * lcd, uint8_t data, uint8_t len)
      |                                                       ^~~~~~~
../Core/Src/lcd.c:197:55: note: 'uint8_t' is defined in header '<stdint.h>'; did you forget to '#include <stdint.h>'?
make: *** [Core/Src/subdir.mk:40: Core/Src/lcd.o] Error 1
make: *** Waiting for unfinished jobs....
"make -j16 all" terminated with exit code 2. Build might be incomplete.
02:22:18 **** Incremental Build of configuration Debug for project intrgrated_try_1 ****
make -j16 all 
arm-none-eabi-gcc "../Core/Src/lcd.c" -mcpu=cortex-m4 -std=gnu11 -g3 -DDEBUG -DUSE_HAL_DRIVER -DSTM32F439xx -c -I../Core/Inc -I../Drivers/STM32F4xx_HAL_Driver/Inc -I../Drivers/STM32F4xx_HAL_Driver/Inc/Legacy -I../Drivers/CMSIS/Device/ST/STM32F4xx/Include -I../Drivers/CMSIS/Include -O0 -ffunction-sections -fdata-sections -Wall -fstack-usage -fcyclomatic-complexity -MMD -MP -MF"Core/Src/lcd.d" -MT"Core/Src/lcd.o" --specs=nano.specs -mfpu=fpv4-sp-d16 -mfloat-abi=hard -mthumb -o "Core/Src/lcd.o"
../Core/Src/lcd.c:33:7: error: unknown type name 'uint8_t'
   33 | const uint8_t ROW_16[] = {0x00, 0x40, 0x10, 0x50};
      |       ^~~~~~~
../Core/Src/lcd.c:34:7: error: unknown type name 'uint8_t'
   34 | const uint8_t ROW_20[] = {0x00, 0x40, 0x14, 0x54};
      |       ^~~~~~~
../Core/Src/lcd.c:37:28: error: unknown type name 'Lcd_HandleTypeDef'
   37 | static void lcd_write_data(Lcd_HandleTypeDef * lcd, uint8_t data);
      |                            ^~~~~~~~~~~~~~~~~
../Core/Src/lcd.c:37:53: error: unknown type name 'uint8_t'
   37 | static void lcd_write_data(Lcd_HandleTypeDef * lcd, uint8_t data);
      |                                                     ^~~~~~~
../Core/Src/lcd.c:33:1: note: 'uint8_t' is defined in header '<stdint.h>'; did you forget to '#include <stdint.h>'?
   32 | #include "lcd.h"
  +++ |+#include <stdint.h>
   33 | const uint8_t ROW_16[] = {0x00, 0x40, 0x10, 0x50};
../Core/Src/lcd.c:38:31: error: unknown type name 'Lcd_HandleTypeDef'
   38 | static void lcd_write_command(Lcd_HandleTypeDef * lcd, uint8_t command);
      |                               ^~~~~~~~~~~~~~~~~
../Core/Src/lcd.c:38:56: error: unknown type name 'uint8_t'
   38 | static void lcd_write_command(Lcd_HandleTypeDef * lcd, uint8_t command);
      |                                                        ^~~~~~~
../Core/Src/lcd.c:38:56: note: 'uint8_t' is defined in header '<stdint.h>'; did you forget to '#include <stdint.h>'?
../Core/Src/lcd.c:39:23: error: unknown type name 'Lcd_HandleTypeDef'
   39 | static void lcd_write(Lcd_HandleTypeDef * lcd, uint8_t data, uint8_t len);
      |                       ^~~~~~~~~~~~~~~~~
../Core/Src/lcd.c:39:48: error: unknown type name 'uint8_t'
   39 | static void lcd_write(Lcd_HandleTypeDef * lcd, uint8_t data, uint8_t len);
      |                                                ^~~~~~~
../Core/Src/lcd.c:39:48: note: 'uint8_t' is defined in header '<stdint.h>'; did you forget to '#include <stdint.h>'?
../Core/Src/lcd.c:39:62: error: unknown type name 'uint8_t'
   39 | static void lcd_write(Lcd_HandleTypeDef * lcd, uint8_t data, uint8_t len);
      |                                                              ^~~~~~~
../Core/Src/lcd.c:39:62: note: 'uint8_t' is defined in header '<stdint.h>'; did you forget to '#include <stdint.h>'?
../Core/Src/lcd.c:65:7: error: unknown type name 'uint8_t'
   65 | const uint8_t ROW_16[] = {0x00, 0x40, 0x10, 0x50};
      |       ^~~~~~~
../Core/Src/lcd.c:65:15: error: redefinition of 'ROW_16'
   65 | const uint8_t ROW_16[] = {0x00, 0x40, 0x10, 0x50};
      |               ^~~~~~
../Core/Src/lcd.c:33:15: note: previous definition of 'ROW_16' with type 'const int[4]'
   33 | const uint8_t ROW_16[] = {0x00, 0x40, 0x10, 0x50};
      |               ^~~~~~
../Core/Src/lcd.c:66:7: error: unknown type name 'uint8_t'
   66 | const uint8_t ROW_20[] = {0x00, 0x40, 0x14, 0x54};
      |       ^~~~~~~
../Core/Src/lcd.c:66:15: error: redefinition of 'ROW_20'
   66 | const uint8_t ROW_20[] = {0x00, 0x40, 0x14, 0x54};
      |               ^~~~~~
../Core/Src/lcd.c:34:15: note: previous definition of 'ROW_20' with type 'const int[4]'
   34 | const uint8_t ROW_20[] = {0x00, 0x40, 0x14, 0x54};
      |               ^~~~~~
../Core/Src/lcd.c:69:28: error: unknown type name 'Lcd_HandleTypeDef'
   69 | static void lcd_write_data(Lcd_HandleTypeDef * lcd, uint8_t data);
      |                            ^~~~~~~~~~~~~~~~~
../Core/Src/lcd.c:69:53: error: unknown type name 'uint8_t'
   69 | static void lcd_write_data(Lcd_HandleTypeDef * lcd, uint8_t data);
      |                                                     ^~~~~~~
../Core/Src/lcd.c:69:53: note: 'uint8_t' is defined in header '<stdint.h>'; did you forget to '#include <stdint.h>'?
../Core/Src/lcd.c:70:31: error: unknown type name 'Lcd_HandleTypeDef'
   70 | static void lcd_write_command(Lcd_HandleTypeDef * lcd, uint8_t command);
      |                               ^~~~~~~~~~~~~~~~~
../Core/Src/lcd.c:70:56: error: unknown type name 'uint8_t'
   70 | static void lcd_write_command(Lcd_HandleTypeDef * lcd, uint8_t command);
      |                                                        ^~~~~~~
../Core/Src/lcd.c:70:56: note: 'uint8_t' is defined in header '<stdint.h>'; did you forget to '#include <stdint.h>'?
../Core/Src/lcd.c:71:23: error: unknown type name 'Lcd_HandleTypeDef'
   71 | static void lcd_write(Lcd_HandleTypeDef * lcd, uint8_t data, uint8_t len);
      |                       ^~~~~~~~~~~~~~~~~
../Core/Src/lcd.c:71:48: error: unknown type name 'uint8_t'
   71 | static void lcd_write(Lcd_HandleTypeDef * lcd, uint8_t data, uint8_t len);
      |                                                ^~~~~~~
../Core/Src/lcd.c:71:48: note: 'uint8_t' is defined in header '<stdint.h>'; did you forget to '#include <stdint.h>'?
../Core/Src/lcd.c:71:62: error: unknown type name 'uint8_t'
   71 | static void lcd_write(Lcd_HandleTypeDef * lcd, uint8_t data, uint8_t len);
      |                                                              ^~~~~~~
../Core/Src/lcd.c:71:62: note: 'uint8_t' is defined in header '<stdint.h>'; did you forget to '#include <stdint.h>'?
../Core/Src/lcd.c:79:1: error: unknown type name 'Lcd_HandleTypeDef'
   79 | Lcd_HandleTypeDef Lcd_create(
      | ^~~~~~~~~~~~~~~~~
../Core/Src/lcd.c:80:17: error: unknown type name 'Lcd_PortType'
   80 |                 Lcd_PortType port[], Lcd_PinType pin[],
      |                 ^~~~~~~~~~~~
../Core/Src/lcd.c:80:38: error: unknown type name 'Lcd_PinType'
   80 |                 Lcd_PortType port[], Lcd_PinType pin[],
      |                                      ^~~~~~~~~~~
../Core/Src/lcd.c:81:17: error: unknown type name 'Lcd_PortType'
   81 |                 Lcd_PortType rs_port, Lcd_PinType rs_pin,
      |                 ^~~~~~~~~~~~
../Core/Src/lcd.c:81:39: error: unknown type name 'Lcd_PinType'
   81 |                 Lcd_PortType rs_port, Lcd_PinType rs_pin,
      |                                       ^~~~~~~~~~~
../Core/Src/lcd.c:82:17: error: unknown type name 'Lcd_PortType'
   82 |                 Lcd_PortType en_port, Lcd_PinType en_pin, Lcd_ModeTypeDef mode)
      |                 ^~~~~~~~~~~~
../Core/Src/lcd.c:82:39: error: unknown type name 'Lcd_PinType'
   82 |                 Lcd_PortType en_port, Lcd_PinType en_pin, Lcd_ModeTypeDef mode)
      |                                       ^~~~~~~~~~~
../Core/Src/lcd.c:82:59: error: unknown type name 'Lcd_ModeTypeDef'
   82 |                 Lcd_PortType en_port, Lcd_PinType en_pin, Lcd_ModeTypeDef mode)
      |                                                           ^~~~~~~~~~~~~~~
../Core/Src/lcd.c:105:15: error: unknown type name 'Lcd_HandleTypeDef'
  105 | void Lcd_init(Lcd_HandleTypeDef * lcd)
      |               ^~~~~~~~~~~~~~~~~
../Core/Src/lcd.c:125:14: error: unknown type name 'Lcd_HandleTypeDef'
  125 | void Lcd_int(Lcd_HandleTypeDef * lcd, int number)
      |              ^~~~~~~~~~~~~~~~~
../Core/Src/lcd.c:136:17: error: unknown type name 'Lcd_HandleTypeDef'
  136 | void Lcd_string(Lcd_HandleTypeDef * lcd, char * string)
      |                 ^~~~~~~~~~~~~~~~~
../Core/Src/lcd.c:144:16: error: unknown type name 'Lcd_HandleTypeDef'
  144 | void Lcd_array(Lcd_HandleTypeDef * lcd, uint8_t tag[], int r, int c, int n)
      |                ^~~~~~~~~~~~~~~~~
../Core/Src/lcd.c:144:41: error: unknown type name 'uint8_t'
  144 | void Lcd_array(Lcd_HandleTypeDef * lcd, uint8_t tag[], int r, int c, int n)
      |                                         ^~~~~~~
../Core/Src/lcd.c:144:41: note: 'uint8_t' is defined in header '<stdint.h>'; did you forget to '#include <stdint.h>'?
../Core/Src/lcd.c:159:17: error: unknown type name 'Lcd_HandleTypeDef'
  159 | void Lcd_cursor(Lcd_HandleTypeDef * lcd, uint8_t row, uint8_t col)
      |                 ^~~~~~~~~~~~~~~~~
../Core/Src/lcd.c:159:42: error: unknown type name 'uint8_t'
  159 | void Lcd_cursor(Lcd_HandleTypeDef * lcd, uint8_t row, uint8_t col)
      |                                          ^~~~~~~
../Core/Src/lcd.c:159:42: note: 'uint8_t' is defined in header '<stdint.h>'; did you forget to '#include <stdint.h>'?
../Core/Src/lcd.c:159:55: error: unknown type name 'uint8_t'
  159 | void Lcd_cursor(Lcd_HandleTypeDef * lcd, uint8_t row, uint8_t col)
      |                                                       ^~~~~~~
../Core/Src/lcd.c:159:55: note: 'uint8_t' is defined in header '<stdint.h>'; did you forget to '#include <stdint.h>'?
../Core/Src/lcd.c:173:16: error: unknown type name 'Lcd_HandleTypeDef'
  173 | void Lcd_clear(Lcd_HandleTypeDef * lcd) {
      |                ^~~~~~~~~~~~~~~~~
../Core/Src/lcd.c:177:22: error: unknown type name 'Lcd_HandleTypeDef'
  177 | void Lcd_define_char(Lcd_HandleTypeDef * lcd, uint8_t code, uint8_t bitmap[]){
      |                      ^~~~~~~~~~~~~~~~~
../Core/Src/lcd.c:177:47: error: unknown type name 'uint8_t'
  177 | void Lcd_define_char(Lcd_HandleTypeDef * lcd, uint8_t code, uint8_t bitmap[]){
      |                                               ^~~~~~~
../Core/Src/lcd.c:177:47: note: 'uint8_t' is defined in header '<stdint.h>'; did you forget to '#include <stdint.h>'?
../Core/Src/lcd.c:177:61: error: unknown type name 'uint8_t'
  177 | void Lcd_define_char(Lcd_HandleTypeDef * lcd, uint8_t code, uint8_t bitmap[]){
      |                                                             ^~~~~~~
../Core/Src/lcd.c:177:61: note: 'uint8_t' is defined in header '<stdint.h>'; did you forget to '#include <stdint.h>'?
../Core/Src/lcd.c:191:24: error: unknown type name 'Lcd_HandleTypeDef'
  191 | void lcd_write_command(Lcd_HandleTypeDef * lcd, uint8_t command)
      |                        ^~~~~~~~~~~~~~~~~
../Core/Src/lcd.c:191:49: error: unknown type name 'uint8_t'
  191 | void lcd_write_command(Lcd_HandleTypeDef * lcd, uint8_t command)
      |                                                 ^~~~~~~
../Core/Src/lcd.c:191:49: note: 'uint8_t' is defined in header '<stdint.h>'; did you forget to '#include <stdint.h>'?
../Core/Src/lcd.c:210:21: error: unknown type name 'Lcd_HandleTypeDef'
  210 | void lcd_write_data(Lcd_HandleTypeDef * lcd, uint8_t data)
      |                     ^~~~~~~~~~~~~~~~~
../Core/Src/lcd.c:210:46: error: unknown type name 'uint8_t'
  210 | void lcd_write_data(Lcd_HandleTypeDef * lcd, uint8_t data)
      |                                              ^~~~~~~
../Core/Src/lcd.c:210:46: note: 'uint8_t' is defined in header '<stdint.h>'; did you forget to '#include <stdint.h>'?
../Core/Src/lcd.c:229:16: error: unknown type name 'Lcd_HandleTypeDef'
  229 | void lcd_write(Lcd_HandleTypeDef * lcd, uint8_t data, uint8_t len)
      |                ^~~~~~~~~~~~~~~~~
../Core/Src/lcd.c:229:41: error: unknown type name 'uint8_t'
  229 | void lcd_write(Lcd_HandleTypeDef * lcd, uint8_t data, uint8_t len)
      |                                         ^~~~~~~
../Core/Src/lcd.c:229:41: note: 'uint8_t' is defined in header '<stdint.h>'; did you forget to '#include <stdint.h>'?
../Core/Src/lcd.c:229:55: error: unknown type name 'uint8_t'
  229 | void lcd_write(Lcd_HandleTypeDef * lcd, uint8_t data, uint8_t len)
      |                                                       ^~~~~~~
../Core/Src/lcd.c:229:55: note: 'uint8_t' is defined in header '<stdint.h>'; did you forget to '#include <stdint.h>'?
../Core/Src/lcd.c:246:1: error: unknown type name 'Lcd_HandleTypeDef'
  246 | Lcd_HandleTypeDef Lcd_create(
      | ^~~~~~~~~~~~~~~~~
../Core/Src/lcd.c:247:17: error: unknown type name 'Lcd_PortType'
  247 |                 Lcd_PortType port[], Lcd_PinType pin[],
      |                 ^~~~~~~~~~~~
../Core/Src/lcd.c:247:38: error: unknown type name 'Lcd_PinType'
  247 |                 Lcd_PortType port[], Lcd_PinType pin[],
      |                                      ^~~~~~~~~~~
../Core/Src/lcd.c:248:17: error: unknown type name 'Lcd_PortType'
  248 |                 Lcd_PortType rs_port, Lcd_PinType rs_pin,
      |                 ^~~~~~~~~~~~
../Core/Src/lcd.c:248:39: error: unknown type name 'Lcd_PinType'
  248 |                 Lcd_PortType rs_port, Lcd_PinType rs_pin,
      |                                       ^~~~~~~~~~~
../Core/Src/lcd.c:249:17: error: unknown type name 'Lcd_PortType'
  249 |                 Lcd_PortType en_port, Lcd_PinType en_pin, Lcd_ModeTypeDef mode)
      |                 ^~~~~~~~~~~~
../Core/Src/lcd.c:249:39: error: unknown type name 'Lcd_PinType'
  249 |                 Lcd_PortType en_port, Lcd_PinType en_pin, Lcd_ModeTypeDef mode)
      |                                       ^~~~~~~~~~~
../Core/Src/lcd.c:249:59: error: unknown type name 'Lcd_ModeTypeDef'
  249 |                 Lcd_PortType en_port, Lcd_PinType en_pin, Lcd_ModeTypeDef mode)
      |                                                           ^~~~~~~~~~~~~~~
../Core/Src/lcd.c:272:15: error: unknown type name 'Lcd_HandleTypeDef'
  272 | void Lcd_init(Lcd_HandleTypeDef * lcd)
      |               ^~~~~~~~~~~~~~~~~
../Core/Src/lcd.c:292:14: error: unknown type name 'Lcd_HandleTypeDef'
  292 | void Lcd_int(Lcd_HandleTypeDef * lcd, int number)
      |              ^~~~~~~~~~~~~~~~~
../Core/Src/lcd.c:303:17: error: unknown type name 'Lcd_HandleTypeDef'
  303 | void Lcd_string(Lcd_HandleTypeDef * lcd, char * string)
      |                 ^~~~~~~~~~~~~~~~~
../Core/Src/lcd.c:311:16: error: unknown type name 'Lcd_HandleTypeDef'
  311 | void Lcd_array(Lcd_HandleTypeDef * lcd, uint8_t tag[], int r, int c, int n)
      |                ^~~~~~~~~~~~~~~~~
../Core/Src/lcd.c:311:41: error: unknown type name 'uint8_t'
  311 | void Lcd_array(Lcd_HandleTypeDef * lcd, uint8_t tag[], int r, int c, int n)
      |                                         ^~~~~~~
../Core/Src/lcd.c:311:41: note: 'uint8_t' is defined in header '<stdint.h>'; did you forget to '#include <stdint.h>'?
../Core/Src/lcd.c:326:17: error: unknown type name 'Lcd_HandleTypeDef'
  326 | void Lcd_cursor(Lcd_HandleTypeDef * lcd, uint8_t row, uint8_t col)
      |                 ^~~~~~~~~~~~~~~~~
../Core/Src/lcd.c:326:42: error: unknown type name 'uint8_t'
  326 | void Lcd_cursor(Lcd_HandleTypeDef * lcd, uint8_t row, uint8_t col)
      |                                          ^~~~~~~
../Core/Src/lcd.c:326:42: note: 'uint8_t' is defined in header '<stdint.h>'; did you forget to '#include <stdint.h>'?
../Core/Src/lcd.c:326:55: error: unknown type name 'uint8_t'
  326 | void Lcd_cursor(Lcd_HandleTypeDef * lcd, uint8_t row, uint8_t col)
      |                                                       ^~~~~~~
../Core/Src/lcd.c:326:55: note: 'uint8_t' is defined in header '<stdint.h>'; did you forget to '#include <stdint.h>'?
../Core/Src/lcd.c:340:16: error: unknown type name 'Lcd_HandleTypeDef'
  340 | void Lcd_clear(Lcd_HandleTypeDef * lcd) {
      |                ^~~~~~~~~~~~~~~~~
../Core/Src/lcd.c:344:22: error: unknown type name 'Lcd_HandleTypeDef'
  344 | void Lcd_define_char(Lcd_HandleTypeDef * lcd, uint8_t code, uint8_t bitmap[]){
      |                      ^~~~~~~~~~~~~~~~~
../Core/Src/lcd.c:344:47: error: unknown type name 'uint8_t'
  344 | void Lcd_define_char(Lcd_HandleTypeDef * lcd, uint8_t code, uint8_t bitmap[]){
      |                                               ^~~~~~~
../Core/Src/lcd.c:344:47: note: 'uint8_t' is defined in header '<stdint.h>'; did you forget to '#include <stdint.h>'?
../Core/Src/lcd.c:344:61: error: unknown type name 'uint8_t'
  344 | void Lcd_define_char(Lcd_HandleTypeDef * lcd, uint8_t code, uint8_t bitmap[]){
      |                                                             ^~~~~~~
../Core/Src/lcd.c:344:61: note: 'uint8_t' is defined in header '<stdint.h>'; did you forget to '#include <stdint.h>'?
../Core/Src/lcd.c:358:24: error: unknown type name 'Lcd_HandleTypeDef'
  358 | void lcd_write_command(Lcd_HandleTypeDef * lcd, uint8_t command)
      |                        ^~~~~~~~~~~~~~~~~
../Core/Src/lcd.c:358:49: error: unknown type name 'uint8_t'
  358 | void lcd_write_command(Lcd_HandleTypeDef * lcd, uint8_t command)
      |                                                 ^~~~~~~
../Core/Src/lcd.c:358:49: note: 'uint8_t' is defined in header '<stdint.h>'; did you forget to '#include <stdint.h>'?
../Core/Src/lcd.c:377:21: error: unknown type name 'Lcd_HandleTypeDef'
  377 | void lcd_write_data(Lcd_HandleTypeDef * lcd, uint8_t data)
      |                     ^~~~~~~~~~~~~~~~~
../Core/Src/lcd.c:377:46: error: unknown type name 'uint8_t'
  377 | void lcd_write_data(Lcd_HandleTypeDef * lcd, uint8_t data)
      |                                              ^~~~~~~
../Core/Src/lcd.c:377:46: note: 'uint8_t' is defined in header '<stdint.h>'; did you forget to '#include <stdint.h>'?
../Core/Src/lcd.c:396:16: error: unknown type name 'Lcd_HandleTypeDef'
  396 | void lcd_write(Lcd_HandleTypeDef * lcd, uint8_t data, uint8_t len)
      |                ^~~~~~~~~~~~~~~~~
../Core/Src/lcd.c:396:41: error: unknown type name 'uint8_t'
  396 | void lcd_write(Lcd_HandleTypeDef * lcd, uint8_t data, uint8_t len)
      |                                         ^~~~~~~
../Core/Src/lcd.c:396:41: note: 'uint8_t' is defined in header '<stdint.h>'; did you forget to '#include <stdint.h>'?
../Core/Src/lcd.c:396:55: error: unknown type name 'uint8_t'
  396 | void lcd_write(Lcd_HandleTypeDef * lcd, uint8_t data, uint8_t len)
      |                                                       ^~~~~~~
../Core/Src/lcd.c:396:55: note: 'uint8_t' is defined in header '<stdint.h>'; did you forget to '#include <stdint.h>'?
make: *** [Core/Src/subdir.mk:40: Core/Src/lcd.o] Error 1
"make -j16 all" terminated with exit code 2. Build might be incomplete.
02:23:31 **** Incremental Build of configuration Debug for project intrgrated_try_1 ****
make -j16 all 
arm-none-eabi-gcc "../Core/Src/main.c" -mcpu=cortex-m4 -std=gnu11 -g3 -DDEBUG -DUSE_HAL_DRIVER -DSTM32F439xx -c -I../Core/Inc -I../Drivers/STM32F4xx_HAL_Driver/Inc -I../Drivers/STM32F4xx_HAL_Driver/Inc/Legacy -I../Drivers/CMSIS/Device/ST/STM32F4xx/Include -I../Drivers/CMSIS/Include -O0 -ffunction-sections -fdata-sections -Wall -fstack-usage -fcyclomatic-complexity -MMD -MP -MF"Core/Src/main.d" -MT"Core/Src/main.o" --specs=nano.specs -mfpu=fpv4-sp-d16 -mfloat-abi=hard -mthumb -o "Core/Src/main.o"
arm-none-eabi-gcc "../Core/Src/rc522.c" -mcpu=cortex-m4 -std=gnu11 -g3 -DDEBUG -DUSE_HAL_DRIVER -DSTM32F439xx -c -I../Core/Inc -I../Drivers/STM32F4xx_HAL_Driver/Inc -I../Drivers/STM32F4xx_HAL_Driver/Inc/Legacy -I../Drivers/CMSIS/Device/ST/STM32F4xx/Include -I../Drivers/CMSIS/Include -O0 -ffunction-sections -fdata-sections -Wall -fstack-usage -fcyclomatic-complexity -MMD -MP -MF"Core/Src/rc522.d" -MT"Core/Src/rc522.o" --specs=nano.specs -mfpu=fpv4-sp-d16 -mfloat-abi=hard -mthumb -o "Core/Src/rc522.o"
arm-none-eabi-gcc "../Core/Src/stm32f4xx_hal_msp.c" -mcpu=cortex-m4 -std=gnu11 -g3 -DDEBUG -DUSE_HAL_DRIVER -DSTM32F439xx -c -I../Core/Inc -I../Drivers/STM32F4xx_HAL_Driver/Inc -I../Drivers/STM32F4xx_HAL_Driver/Inc/Legacy -I../Drivers/CMSIS/Device/ST/STM32F4xx/Include -I../Drivers/CMSIS/Include -O0 -ffunction-sections -fdata-sections -Wall -fstack-usage -fcyclomatic-complexity -MMD -MP -MF"Core/Src/stm32f4xx_hal_msp.d" -MT"Core/Src/stm32f4xx_hal_msp.o" --specs=nano.specs -mfpu=fpv4-sp-d16 -mfloat-abi=hard -mthumb -o "Core/Src/stm32f4xx_hal_msp.o"
arm-none-eabi-gcc "../Core/Src/stm32f4xx_it.c" -mcpu=cortex-m4 -std=gnu11 -g3 -DDEBUG -DUSE_HAL_DRIVER -DSTM32F439xx -c -I../Core/Inc -I../Drivers/STM32F4xx_HAL_Driver/Inc -I../Drivers/STM32F4xx_HAL_Driver/Inc/Legacy -I../Drivers/CMSIS/Device/ST/STM32F4xx/Include -I../Drivers/CMSIS/Include -O0 -ffunction-sections -fdata-sections -Wall -fstack-usage -fcyclomatic-complexity -MMD -MP -MF"Core/Src/stm32f4xx_it.d" -MT"Core/Src/stm32f4xx_it.o" --specs=nano.specs -mfpu=fpv4-sp-d16 -mfloat-abi=hard -mthumb -o "Core/Src/stm32f4xx_it.o"
arm-none-eabi-gcc "../Core/Src/syscalls.c" -mcpu=cortex-m4 -std=gnu11 -g3 -DDEBUG -DUSE_HAL_DRIVER -DSTM32F439xx -c -I../Core/Inc -I../Drivers/STM32F4xx_HAL_Driver/Inc -I../Drivers/STM32F4xx_HAL_Driver/Inc/Legacy -I../Drivers/CMSIS/Device/ST/STM32F4xx/Include -I../Drivers/CMSIS/Include -O0 -ffunction-sections -fdata-sections -Wall -fstack-usage -fcyclomatic-complexity -MMD -MP -MF"Core/Src/syscalls.d" -MT"Core/Src/syscalls.o" --specs=nano.specs -mfpu=fpv4-sp-d16 -mfloat-abi=hard -mthumb -o "Core/Src/syscalls.o"
arm-none-eabi-gcc "../Core/Src/sysmem.c" -mcpu=cortex-m4 -std=gnu11 -g3 -DDEBUG -DUSE_HAL_DRIVER -DSTM32F439xx -c -I../Core/Inc -I../Drivers/STM32F4xx_HAL_Driver/Inc -I../Drivers/STM32F4xx_HAL_Driver/Inc/Legacy -I../Drivers/CMSIS/Device/ST/STM32F4xx/Include -I../Drivers/CMSIS/Include -O0 -ffunction-sections -fdata-sections -Wall -fstack-usage -fcyclomatic-complexity -MMD -MP -MF"Core/Src/sysmem.d" -MT"Core/Src/sysmem.o" --specs=nano.specs -mfpu=fpv4-sp-d16 -mfloat-abi=hard -mthumb -o "Core/Src/sysmem.o"
arm-none-eabi-gcc "../Core/Src/system_stm32f4xx.c" -mcpu=cortex-m4 -std=gnu11 -g3 -DDEBUG -DUSE_HAL_DRIVER -DSTM32F439xx -c -I../Core/Inc -I../Drivers/STM32F4xx_HAL_Driver/Inc -I../Drivers/STM32F4xx_HAL_Driver/Inc/Legacy -I../Drivers/CMSIS/Device/ST/STM32F4xx/Include -I../Drivers/CMSIS/Include -O0 -ffunction-sections -fdata-sections -Wall -fstack-usage -fcyclomatic-complexity -MMD -MP -MF"Core/Src/system_stm32f4xx.d" -MT"Core/Src/system_stm32f4xx.o" --specs=nano.specs -mfpu=fpv4-sp-d16 -mfloat-abi=hard -mthumb -o "Core/Src/system_stm32f4xx.o"
arm-none-eabi-gcc -o "intrgrated_try_1.elf" @"objects.list"   -mcpu=cortex-m4 -T"D:\Assignments\MES\Projest\entire\integrated\intrgrated_try_1\STM32F439ZITX_FLASH.ld" --specs=nosys.specs -Wl,-Map="intrgrated_try_1.map" -Wl,--gc-sections -static --specs=nano.specs -mfpu=fpv4-sp-d16 -mfloat-abi=hard -mthumb -Wl,--start-group -lc -lm -Wl,--end-group
Finished building target: intrgrated_try_1.elf
 
arm-none-eabi-size  intrgrated_try_1.elf 
arm-none-eabi-objdump -h -S intrgrated_try_1.elf  > "intrgrated_try_1.list"
   text	   data	    bss	    dec	    hex	filename
  12672	     20	   1756	  14448	   3870	intrgrated_try_1.elf
Finished building: default.size.stdout
 
Finished building: intrgrated_try_1.list
 
02:23:47 **** Incremental Build of configuration Debug for project intrgrated_try_1 ****
make -j16 all 
arm-none-eabi-size  intrgrated_try_1.elf 
   text	   data	    bss	    dec	    hex	filename
  12672	     20	   1756	  14448	   3870	intrgrated_try_1.elf
Finished building: default.size.stdout
 
02:25:46 **** Incremental Build of configuration Debug for project intrgrated_try_1 ****
make -j16 all 
arm-none-eabi-size  intrgrated_try_1.elf 
   text	   data	    bss	    dec	    hex	filename
  12672	     20	   1756	  14448	   3870	intrgrated_try_1.elf
Finished building: default.size.stdout
 
02:26:25 **** Incremental Build of configuration Debug for project intrgrated_try_1 ****
make -j16 all 
arm-none-eabi-size  intrgrated_try_1.elf 
   text	   data	    bss	    dec	    hex	filename
  12672	     20	   1756	  14448	   3870	intrgrated_try_1.elf
Finished building: default.size.stdout
 
02:35:27 **** Incremental Build of configuration Debug for project intrgrated_try_1 ****
make -j16 all 
arm-none-eabi-size  intrgrated_try_1.elf 
   text	   data	    bss	    dec	    hex	filename
  12672	     20	   1756	  14448	   3870	intrgrated_try_1.elf
Finished building: default.size.stdout
 
02:35:44 **** Incremental Build of configuration Debug for project intrgrated_try_1 ****
make -j16 all 
arm-none-eabi-size  intrgrated_try_1.elf 
   text	   data	    bss	    dec	    hex	filename
  12672	     20	   1756	  14448	   3870	intrgrated_try_1.elf
Finished building: default.size.stdout
 
02:37:49 **** Incremental Build of configuration Debug for project intrgrated_try_1 ****
make -j16 all 
arm-none-eabi-size  intrgrated_try_1.elf 
   text	   data	    bss	    dec	    hex	filename
  12672	     20	   1756	  14448	   3870	intrgrated_try_1.elf
Finished building: default.size.stdout
 
02:42:34 **** Incremental Build of configuration Debug for project intrgrated_try_1 ****
make -j16 all 
arm-none-eabi-size  intrgrated_try_1.elf 
   text	   data	    bss	    dec	    hex	filename
  12672	     20	   1756	  14448	   3870	intrgrated_try_1.elf
Finished building: default.size.stdout
 
02:45:39 **** Incremental Build of configuration Debug for project intrgrated_try_1 ****
make -j16 all 
arm-none-eabi-gcc "../Core/Src/main.c" -mcpu=cortex-m4 -std=gnu11 -g3 -DDEBUG -DUSE_HAL_DRIVER -DSTM32F439xx -c -I../Core/Inc -I../Drivers/STM32F4xx_HAL_Driver/Inc -I../Drivers/STM32F4xx_HAL_Driver/Inc/Legacy -I../Drivers/CMSIS/Device/ST/STM32F4xx/Include -I../Drivers/CMSIS/Include -O0 -ffunction-sections -fdata-sections -Wall -fstack-usage -fcyclomatic-complexity -MMD -MP -MF"Core/Src/main.d" -MT"Core/Src/main.o" --specs=nano.specs -mfpu=fpv4-sp-d16 -mfloat-abi=hard -mthumb -o "Core/Src/main.o"
arm-none-eabi-gcc -o "intrgrated_try_1.elf" @"objects.list"   -mcpu=cortex-m4 -T"D:\Assignments\MES\Projest\entire\integrated\intrgrated_try_1\STM32F439ZITX_FLASH.ld" --specs=nosys.specs -Wl,-Map="intrgrated_try_1.map" -Wl,--gc-sections -static --specs=nano.specs -mfpu=fpv4-sp-d16 -mfloat-abi=hard -mthumb -Wl,--start-group -lc -lm -Wl,--end-group
Finished building target: intrgrated_try_1.elf
 
arm-none-eabi-size  intrgrated_try_1.elf 
arm-none-eabi-objdump -h -S intrgrated_try_1.elf  > "intrgrated_try_1.list"
   text	   data	    bss	    dec	    hex	filename
  12628	     20	   1756	  14404	   3844	intrgrated_try_1.elf
Finished building: default.size.stdout
 
Finished building: intrgrated_try_1.list
 
02:45:48 **** Incremental Build of configuration Debug for project intrgrated_try_1 ****
make -j16 all 
arm-none-eabi-size  intrgrated_try_1.elf 
   text	   data	    bss	    dec	    hex	filename
  12628	     20	   1756	  14404	   3844	intrgrated_try_1.elf
Finished building: default.size.stdout
 
02:48:54 **** Incremental Build of configuration Debug for project intrgrated_try_1 ****
make -j16 all 
arm-none-eabi-size  intrgrated_try_1.elf 
   text	   data	    bss	    dec	    hex	filename
  12628	     20	   1756	  14404	   3844	intrgrated_try_1.elf
Finished building: default.size.stdout
 
02:56:02 **** Incremental Build of configuration Debug for project intrgrated_try_1 ****
make -j16 all 
arm-none-eabi-gcc "../Core/Src/keypad.c" -mcpu=cortex-m4 -std=gnu11 -g3 -DDEBUG -DUSE_HAL_DRIVER -DSTM32F439xx -c -I../Core/Inc -I../Drivers/STM32F4xx_HAL_Driver/Inc -I../Drivers/STM32F4xx_HAL_Driver/Inc/Legacy -I../Drivers/CMSIS/Device/ST/STM32F4xx/Include -I../Drivers/CMSIS/Include -O0 -ffunction-sections -fdata-sections -Wall -fstack-usage -fcyclomatic-complexity -MMD -MP -MF"Core/Src/keypad.d" -MT"Core/Src/keypad.o" --specs=nano.specs -mfpu=fpv4-sp-d16 -mfloat-abi=hard -mthumb -o "Core/Src/keypad.o"
arm-none-eabi-gcc "../Core/Src/main.c" -mcpu=cortex-m4 -std=gnu11 -g3 -DDEBUG -DUSE_HAL_DRIVER -DSTM32F439xx -c -I../Core/Inc -I../Drivers/STM32F4xx_HAL_Driver/Inc -I../Drivers/STM32F4xx_HAL_Driver/Inc/Legacy -I../Drivers/CMSIS/Device/ST/STM32F4xx/Include -I../Drivers/CMSIS/Include -O0 -ffunction-sections -fdata-sections -Wall -fstack-usage -fcyclomatic-complexity -MMD -MP -MF"Core/Src/main.d" -MT"Core/Src/main.o" --specs=nano.specs -mfpu=fpv4-sp-d16 -mfloat-abi=hard -mthumb -o "Core/Src/main.o"
arm-none-eabi-gcc "../Core/Src/rc522.c" -mcpu=cortex-m4 -std=gnu11 -g3 -DDEBUG -DUSE_HAL_DRIVER -DSTM32F439xx -c -I../Core/Inc -I../Drivers/STM32F4xx_HAL_Driver/Inc -I../Drivers/STM32F4xx_HAL_Driver/Inc/Legacy -I../Drivers/CMSIS/Device/ST/STM32F4xx/Include -I../Drivers/CMSIS/Include -O0 -ffunction-sections -fdata-sections -Wall -fstack-usage -fcyclomatic-complexity -MMD -MP -MF"Core/Src/rc522.d" -MT"Core/Src/rc522.o" --specs=nano.specs -mfpu=fpv4-sp-d16 -mfloat-abi=hard -mthumb -o "Core/Src/rc522.o"
arm-none-eabi-gcc "../Core/Src/stm32f4xx_hal_msp.c" -mcpu=cortex-m4 -std=gnu11 -g3 -DDEBUG -DUSE_HAL_DRIVER -DSTM32F439xx -c -I../Core/Inc -I../Drivers/STM32F4xx_HAL_Driver/Inc -I../Drivers/STM32F4xx_HAL_Driver/Inc/Legacy -I../Drivers/CMSIS/Device/ST/STM32F4xx/Include -I../Drivers/CMSIS/Include -O0 -ffunction-sections -fdata-sections -Wall -fstack-usage -fcyclomatic-complexity -MMD -MP -MF"Core/Src/stm32f4xx_hal_msp.d" -MT"Core/Src/stm32f4xx_hal_msp.o" --specs=nano.specs -mfpu=fpv4-sp-d16 -mfloat-abi=hard -mthumb -o "Core/Src/stm32f4xx_hal_msp.o"
arm-none-eabi-gcc "../Core/Src/stm32f4xx_it.c" -mcpu=cortex-m4 -std=gnu11 -g3 -DDEBUG -DUSE_HAL_DRIVER -DSTM32F439xx -c -I../Core/Inc -I../Drivers/STM32F4xx_HAL_Driver/Inc -I../Drivers/STM32F4xx_HAL_Driver/Inc/Legacy -I../Drivers/CMSIS/Device/ST/STM32F4xx/Include -I../Drivers/CMSIS/Include -O0 -ffunction-sections -fdata-sections -Wall -fstack-usage -fcyclomatic-complexity -MMD -MP -MF"Core/Src/stm32f4xx_it.d" -MT"Core/Src/stm32f4xx_it.o" --specs=nano.specs -mfpu=fpv4-sp-d16 -mfloat-abi=hard -mthumb -o "Core/Src/stm32f4xx_it.o"
arm-none-eabi-gcc "../Core/Src/syscalls.c" -mcpu=cortex-m4 -std=gnu11 -g3 -DDEBUG -DUSE_HAL_DRIVER -DSTM32F439xx -c -I../Core/Inc -I../Drivers/STM32F4xx_HAL_Driver/Inc -I../Drivers/STM32F4xx_HAL_Driver/Inc/Legacy -I../Drivers/CMSIS/Device/ST/STM32F4xx/Include -I../Drivers/CMSIS/Include -O0 -ffunction-sections -fdata-sections -Wall -fstack-usage -fcyclomatic-complexity -MMD -MP -MF"Core/Src/syscalls.d" -MT"Core/Src/syscalls.o" --specs=nano.specs -mfpu=fpv4-sp-d16 -mfloat-abi=hard -mthumb -o "Core/Src/syscalls.o"
arm-none-eabi-gcc "../Core/Src/sysmem.c" -mcpu=cortex-m4 -std=gnu11 -g3 -DDEBUG -DUSE_HAL_DRIVER -DSTM32F439xx -c -I../Core/Inc -I../Drivers/STM32F4xx_HAL_Driver/Inc -I../Drivers/STM32F4xx_HAL_Driver/Inc/Legacy -I../Drivers/CMSIS/Device/ST/STM32F4xx/Include -I../Drivers/CMSIS/Include -O0 -ffunction-sections -fdata-sections -Wall -fstack-usage -fcyclomatic-complexity -MMD -MP -MF"Core/Src/sysmem.d" -MT"Core/Src/sysmem.o" --specs=nano.specs -mfpu=fpv4-sp-d16 -mfloat-abi=hard -mthumb -o "Core/Src/sysmem.o"
arm-none-eabi-gcc "../Core/Src/system_stm32f4xx.c" -mcpu=cortex-m4 -std=gnu11 -g3 -DDEBUG -DUSE_HAL_DRIVER -DSTM32F439xx -c -I../Core/Inc -I../Drivers/STM32F4xx_HAL_Driver/Inc -I../Drivers/STM32F4xx_HAL_Driver/Inc/Legacy -I../Drivers/CMSIS/Device/ST/STM32F4xx/Include -I../Drivers/CMSIS/Include -O0 -ffunction-sections -fdata-sections -Wall -fstack-usage -fcyclomatic-complexity -MMD -MP -MF"Core/Src/system_stm32f4xx.d" -MT"Core/Src/system_stm32f4xx.o" --specs=nano.specs -mfpu=fpv4-sp-d16 -mfloat-abi=hard -mthumb -o "Core/Src/system_stm32f4xx.o"
../Core/Src/keypad.c:19:10: fatal error: keypad.h: No such file or directory
   19 | #include "keypad.h"
      |          ^~~~~~~~~~
compilation terminated.
make: *** [Core/Src/subdir.mk:40: Core/Src/keypad.o] Error 1
make: *** Waiting for unfinished jobs....
../Core/Src/main.c:5:10: fatal error: keypad.h: No such file or directory
    5 | #include "keypad.h"
      |          ^~~~~~~~~~
compilation terminated.
make: *** [Core/Src/subdir.mk:40: Core/Src/main.o] Error 1
"make -j16 all" terminated with exit code 2. Build might be incomplete.
02:56:43 **** Incremental Build of configuration Debug for project intrgrated_try_1 ****
make -j16 all 
arm-none-eabi-gcc "../Core/Src/keypad.c" -mcpu=cortex-m4 -std=gnu11 -g3 -DDEBUG -DUSE_HAL_DRIVER -DSTM32F439xx -c -I../Core/Inc -I../Drivers/STM32F4xx_HAL_Driver/Inc -I../Drivers/STM32F4xx_HAL_Driver/Inc/Legacy -I../Drivers/CMSIS/Device/ST/STM32F4xx/Include -I../Drivers/CMSIS/Include -O0 -ffunction-sections -fdata-sections -Wall -fstack-usage -fcyclomatic-complexity -MMD -MP -MF"Core/Src/keypad.d" -MT"Core/Src/keypad.o" --specs=nano.specs -mfpu=fpv4-sp-d16 -mfloat-abi=hard -mthumb -o "Core/Src/keypad.o"
arm-none-eabi-gcc "../Core/Src/main.c" -mcpu=cortex-m4 -std=gnu11 -g3 -DDEBUG -DUSE_HAL_DRIVER -DSTM32F439xx -c -I../Core/Inc -I../Drivers/STM32F4xx_HAL_Driver/Inc -I../Drivers/STM32F4xx_HAL_Driver/Inc/Legacy -I../Drivers/CMSIS/Device/ST/STM32F4xx/Include -I../Drivers/CMSIS/Include -O0 -ffunction-sections -fdata-sections -Wall -fstack-usage -fcyclomatic-complexity -MMD -MP -MF"Core/Src/main.d" -MT"Core/Src/main.o" --specs=nano.specs -mfpu=fpv4-sp-d16 -mfloat-abi=hard -mthumb -o "Core/Src/main.o"
arm-none-eabi-gcc -o "intrgrated_try_1.elf" @"objects.list"   -mcpu=cortex-m4 -T"D:\Assignments\MES\Projest\entire\integrated\intrgrated_try_1\STM32F439ZITX_FLASH.ld" --specs=nosys.specs -Wl,-Map="intrgrated_try_1.map" -Wl,--gc-sections -static --specs=nano.specs -mfpu=fpv4-sp-d16 -mfloat-abi=hard -mthumb -Wl,--start-group -lc -lm -Wl,--end-group
Finished building target: intrgrated_try_1.elf
 
arm-none-eabi-size  intrgrated_try_1.elf 
arm-none-eabi-objdump -h -S intrgrated_try_1.elf  > "intrgrated_try_1.list"
   text	   data	    bss	    dec	    hex	filename
  12676	     20	   1756	  14452	   3874	intrgrated_try_1.elf
Finished building: default.size.stdout
 
Finished building: intrgrated_try_1.list
 
03:01:39 **** Incremental Build of configuration Debug for project intrgrated_try_1 ****
make -j16 all 
arm-none-eabi-gcc "../Core/Src/main.c" -mcpu=cortex-m4 -std=gnu11 -g3 -DDEBUG -DUSE_HAL_DRIVER -DSTM32F439xx -c -I../Core/Inc -I../Drivers/STM32F4xx_HAL_Driver/Inc -I../Drivers/STM32F4xx_HAL_Driver/Inc/Legacy -I../Drivers/CMSIS/Device/ST/STM32F4xx/Include -I../Drivers/CMSIS/Include -O0 -ffunction-sections -fdata-sections -Wall -fstack-usage -fcyclomatic-complexity -MMD -MP -MF"Core/Src/main.d" -MT"Core/Src/main.o" --specs=nano.specs -mfpu=fpv4-sp-d16 -mfloat-abi=hard -mthumb -o "Core/Src/main.o"
arm-none-eabi-gcc -o "intrgrated_try_1.elf" @"objects.list"   -mcpu=cortex-m4 -T"D:\Assignments\MES\Projest\entire\integrated\intrgrated_try_1\STM32F439ZITX_FLASH.ld" --specs=nosys.specs -Wl,-Map="intrgrated_try_1.map" -Wl,--gc-sections -static --specs=nano.specs -mfpu=fpv4-sp-d16 -mfloat-abi=hard -mthumb -Wl,--start-group -lc -lm -Wl,--end-group
Finished building target: intrgrated_try_1.elf
 
arm-none-eabi-size  intrgrated_try_1.elf 
arm-none-eabi-objdump -h -S intrgrated_try_1.elf  > "intrgrated_try_1.list"
   text	   data	    bss	    dec	    hex	filename
  13164	     20	   1764	  14948	   3a64	intrgrated_try_1.elf
Finished building: default.size.stdout
 
Finished building: intrgrated_try_1.list
 
03:11:01 **** Incremental Build of configuration Debug for project intrgrated_try_1 ****
make -j16 all 
arm-none-eabi-size  intrgrated_try_1.elf 
   text	   data	    bss	    dec	    hex	filename
  13164	     20	   1764	  14948	   3a64	intrgrated_try_1.elf
Finished building: default.size.stdout
 
03:11:15 **** Incremental Build of configuration Debug for project intrgrated_try_1 ****
make -j16 all 
arm-none-eabi-size  intrgrated_try_1.elf 
   text	   data	    bss	    dec	    hex	filename
  13164	     20	   1764	  14948	   3a64	intrgrated_try_1.elf
Finished building: default.size.stdout
 
03:22:11 **** Incremental Build of configuration Debug for project intrgrated_try_1 ****
make -j16 all 
arm-none-eabi-gcc "../Core/Src/main.c" -mcpu=cortex-m4 -std=gnu11 -g3 -DDEBUG -DUSE_HAL_DRIVER -DSTM32F439xx -c -I../Core/Inc -I../Drivers/STM32F4xx_HAL_Driver/Inc -I../Drivers/STM32F4xx_HAL_Driver/Inc/Legacy -I../Drivers/CMSIS/Device/ST/STM32F4xx/Include -I../Drivers/CMSIS/Include -O0 -ffunction-sections -fdata-sections -Wall -fstack-usage -fcyclomatic-complexity -MMD -MP -MF"Core/Src/main.d" -MT"Core/Src/main.o" --specs=nano.specs -mfpu=fpv4-sp-d16 -mfloat-abi=hard -mthumb -o "Core/Src/main.o"
arm-none-eabi-gcc -o "intrgrated_try_1.elf" @"objects.list"   -mcpu=cortex-m4 -T"D:\Assignments\MES\Projest\entire\integrated\intrgrated_try_1\STM32F439ZITX_FLASH.ld" --specs=nosys.specs -Wl,-Map="intrgrated_try_1.map" -Wl,--gc-sections -static --specs=nano.specs -mfpu=fpv4-sp-d16 -mfloat-abi=hard -mthumb -Wl,--start-group -lc -lm -Wl,--end-group
Finished building target: intrgrated_try_1.elf
 
arm-none-eabi-size  intrgrated_try_1.elf 
arm-none-eabi-objdump -h -S intrgrated_try_1.elf  > "intrgrated_try_1.list"
   text	   data	    bss	    dec	    hex	filename
   9804	     20	   1732	  11556	   2d24	intrgrated_try_1.elf
Finished building: default.size.stdout
 
Finished building: intrgrated_try_1.list
 
03:26:47 **** Incremental Build of configuration Debug for project intrgrated_try_1 ****
make -j16 all 
arm-none-eabi-gcc "../Core/Src/main.c" -mcpu=cortex-m4 -std=gnu11 -g3 -DDEBUG -DUSE_HAL_DRIVER -DSTM32F439xx -c -I../Core/Inc -I../Drivers/STM32F4xx_HAL_Driver/Inc -I../Drivers/STM32F4xx_HAL_Driver/Inc/Legacy -I../Drivers/CMSIS/Device/ST/STM32F4xx/Include -I../Drivers/CMSIS/Include -O0 -ffunction-sections -fdata-sections -Wall -fstack-usage -fcyclomatic-complexity -MMD -MP -MF"Core/Src/main.d" -MT"Core/Src/main.o" --specs=nano.specs -mfpu=fpv4-sp-d16 -mfloat-abi=hard -mthumb -o "Core/Src/main.o"
arm-none-eabi-gcc -o "intrgrated_try_1.elf" @"objects.list"   -mcpu=cortex-m4 -T"D:\Assignments\MES\Projest\entire\integrated\intrgrated_try_1\STM32F439ZITX_FLASH.ld" --specs=nosys.specs -Wl,-Map="intrgrated_try_1.map" -Wl,--gc-sections -static --specs=nano.specs -mfpu=fpv4-sp-d16 -mfloat-abi=hard -mthumb -Wl,--start-group -lc -lm -Wl,--end-group
Finished building target: intrgrated_try_1.elf
 
arm-none-eabi-size  intrgrated_try_1.elf 
arm-none-eabi-objdump -h -S intrgrated_try_1.elf  > "intrgrated_try_1.list"
   text	   data	    bss	    dec	    hex	filename
  13164	     20	   1764	  14948	   3a64	intrgrated_try_1.elf
Finished building: default.size.stdout
 
Finished building: intrgrated_try_1.list
 
03:26:54 **** Incremental Build of configuration Debug for project intrgrated_try_1 ****
make -j16 all 
arm-none-eabi-size  intrgrated_try_1.elf 
   text	   data	    bss	    dec	    hex	filename
  13164	     20	   1764	  14948	   3a64	intrgrated_try_1.elf
Finished building: default.size.stdout
 
03:36:29 **** Incremental Build of configuration Debug for project intrgrated_try_1 ****
make -j16 all 
arm-none-eabi-gcc "../Core/Src/main.c" -mcpu=cortex-m4 -std=gnu11 -g3 -DDEBUG -DUSE_HAL_DRIVER -DSTM32F439xx -c -I../Core/Inc -I../Drivers/STM32F4xx_HAL_Driver/Inc -I../Drivers/STM32F4xx_HAL_Driver/Inc/Legacy -I../Drivers/CMSIS/Device/ST/STM32F4xx/Include -I../Drivers/CMSIS/Include -O0 -ffunction-sections -fdata-sections -Wall -fstack-usage -fcyclomatic-complexity -MMD -MP -MF"Core/Src/main.d" -MT"Core/Src/main.o" --specs=nano.specs -mfpu=fpv4-sp-d16 -mfloat-abi=hard -mthumb -o "Core/Src/main.o"
arm-none-eabi-gcc -o "intrgrated_try_1.elf" @"objects.list"   -mcpu=cortex-m4 -T"D:\Assignments\MES\Projest\entire\integrated\intrgrated_try_1\STM32F439ZITX_FLASH.ld" --specs=nosys.specs -Wl,-Map="intrgrated_try_1.map" -Wl,--gc-sections -static --specs=nano.specs -mfpu=fpv4-sp-d16 -mfloat-abi=hard -mthumb -Wl,--start-group -lc -lm -Wl,--end-group
Finished building target: intrgrated_try_1.elf
 
arm-none-eabi-size  intrgrated_try_1.elf 
arm-none-eabi-objdump -h -S intrgrated_try_1.elf  > "intrgrated_try_1.list"
   text	   data	    bss	    dec	    hex	filename
  13748	     20	   1764	  15532	   3cac	intrgrated_try_1.elf
Finished building: default.size.stdout
 
Finished building: intrgrated_try_1.list
 
03:37:14 **** Incremental Build of configuration Debug for project intrgrated_try_1 ****
make -j16 all 
arm-none-eabi-size  intrgrated_try_1.elf 
   text	   data	    bss	    dec	    hex	filename
  13748	     20	   1764	  15532	   3cac	intrgrated_try_1.elf
Finished building: default.size.stdout
 
03:40:36 **** Incremental Build of configuration Debug for project intrgrated_try_1 ****
make -j16 all 
arm-none-eabi-size  intrgrated_try_1.elf 
   text	   data	    bss	    dec	    hex	filename
  13748	     20	   1764	  15532	   3cac	intrgrated_try_1.elf
Finished building: default.size.stdout
 
03:44:28 **** Incremental Build of configuration Debug for project intrgrated_try_1 ****
make -j16 all 
arm-none-eabi-gcc "../Core/Src/main.c" -mcpu=cortex-m4 -std=gnu11 -g3 -DDEBUG -DUSE_HAL_DRIVER -DSTM32F439xx -c -I../Core/Inc -I../Drivers/STM32F4xx_HAL_Driver/Inc -I../Drivers/STM32F4xx_HAL_Driver/Inc/Legacy -I../Drivers/CMSIS/Device/ST/STM32F4xx/Include -I../Drivers/CMSIS/Include -O0 -ffunction-sections -fdata-sections -Wall -fstack-usage -fcyclomatic-complexity -MMD -MP -MF"Core/Src/main.d" -MT"Core/Src/main.o" --specs=nano.specs -mfpu=fpv4-sp-d16 -mfloat-abi=hard -mthumb -o "Core/Src/main.o"
arm-none-eabi-gcc -o "intrgrated_try_1.elf" @"objects.list"   -mcpu=cortex-m4 -T"D:\Assignments\MES\Projest\entire\integrated\intrgrated_try_1\STM32F439ZITX_FLASH.ld" --specs=nosys.specs -Wl,-Map="intrgrated_try_1.map" -Wl,--gc-sections -static --specs=nano.specs -mfpu=fpv4-sp-d16 -mfloat-abi=hard -mthumb -Wl,--start-group -lc -lm -Wl,--end-group
Finished building target: intrgrated_try_1.elf
 
arm-none-eabi-size  intrgrated_try_1.elf 
arm-none-eabi-objdump -h -S intrgrated_try_1.elf  > "intrgrated_try_1.list"
   text	   data	    bss	    dec	    hex	filename
  13748	     20	   1764	  15532	   3cac	intrgrated_try_1.elf
Finished building: default.size.stdout
 
Finished building: intrgrated_try_1.list
 
03:45:36 **** Incremental Build of configuration Debug for project intrgrated_try_1 ****
make -j16 all 
arm-none-eabi-gcc "../Core/Src/main.c" -mcpu=cortex-m4 -std=gnu11 -g3 -DDEBUG -DUSE_HAL_DRIVER -DSTM32F439xx -c -I../Core/Inc -I../Drivers/STM32F4xx_HAL_Driver/Inc -I../Drivers/STM32F4xx_HAL_Driver/Inc/Legacy -I../Drivers/CMSIS/Device/ST/STM32F4xx/Include -I../Drivers/CMSIS/Include -O0 -ffunction-sections -fdata-sections -Wall -fstack-usage -fcyclomatic-complexity -MMD -MP -MF"Core/Src/main.d" -MT"Core/Src/main.o" --specs=nano.specs -mfpu=fpv4-sp-d16 -mfloat-abi=hard -mthumb -o "Core/Src/main.o"
arm-none-eabi-gcc -o "intrgrated_try_1.elf" @"objects.list"   -mcpu=cortex-m4 -T"D:\Assignments\MES\Projest\entire\integrated\intrgrated_try_1\STM32F439ZITX_FLASH.ld" --specs=nosys.specs -Wl,-Map="intrgrated_try_1.map" -Wl,--gc-sections -static --specs=nano.specs -mfpu=fpv4-sp-d16 -mfloat-abi=hard -mthumb -Wl,--start-group -lc -lm -Wl,--end-group
Finished building target: intrgrated_try_1.elf
 
arm-none-eabi-size  intrgrated_try_1.elf 
arm-none-eabi-objdump -h -S intrgrated_try_1.elf  > "intrgrated_try_1.list"
   text	   data	    bss	    dec	    hex	filename
  13740	     20	   1764	  15524	   3ca4	intrgrated_try_1.elf
Finished building: default.size.stdout
 
Finished building: intrgrated_try_1.list
 
03:45:52 **** Incremental Build of configuration Debug for project intrgrated_try_1 ****
make -j16 all 
arm-none-eabi-size  intrgrated_try_1.elf 
   text	   data	    bss	    dec	    hex	filename
  13740	     20	   1764	  15524	   3ca4	intrgrated_try_1.elf
Finished building: default.size.stdout
 
03:51:40 **** Incremental Build of configuration Debug for project intrgrated_try_1 ****
make -j16 all 
arm-none-eabi-size  intrgrated_try_1.elf 
   text	   data	    bss	    dec	    hex	filename
  13740	     20	   1764	  15524	   3ca4	intrgrated_try_1.elf
Finished building: default.size.stdout
 
03:54:28 **** Incremental Build of configuration Debug for project intrgrated_try_1 ****
make -j16 all 
arm-none-eabi-gcc "../Core/Src/keypad.c" -mcpu=cortex-m4 -std=gnu11 -g3 -DDEBUG -DUSE_HAL_DRIVER -DSTM32F439xx -c -I../Core/Inc -I../Drivers/STM32F4xx_HAL_Driver/Inc -I../Drivers/STM32F4xx_HAL_Driver/Inc/Legacy -I../Drivers/CMSIS/Device/ST/STM32F4xx/Include -I../Drivers/CMSIS/Include -O0 -ffunction-sections -fdata-sections -Wall -fstack-usage -fcyclomatic-complexity -MMD -MP -MF"Core/Src/keypad.d" -MT"Core/Src/keypad.o" --specs=nano.specs -mfpu=fpv4-sp-d16 -mfloat-abi=hard -mthumb -o "Core/Src/keypad.o"
arm-none-eabi-gcc "../Core/Src/lcd.c" -mcpu=cortex-m4 -std=gnu11 -g3 -DDEBUG -DUSE_HAL_DRIVER -DSTM32F439xx -c -I../Core/Inc -I../Drivers/STM32F4xx_HAL_Driver/Inc -I../Drivers/STM32F4xx_HAL_Driver/Inc/Legacy -I../Drivers/CMSIS/Device/ST/STM32F4xx/Include -I../Drivers/CMSIS/Include -O0 -ffunction-sections -fdata-sections -Wall -fstack-usage -fcyclomatic-complexity -MMD -MP -MF"Core/Src/lcd.d" -MT"Core/Src/lcd.o" --specs=nano.specs -mfpu=fpv4-sp-d16 -mfloat-abi=hard -mthumb -o "Core/Src/lcd.o"
arm-none-eabi-gcc "../Core/Src/main.c" -mcpu=cortex-m4 -std=gnu11 -g3 -DDEBUG -DUSE_HAL_DRIVER -DSTM32F439xx -c -I../Core/Inc -I../Drivers/STM32F4xx_HAL_Driver/Inc -I../Drivers/STM32F4xx_HAL_Driver/Inc/Legacy -I../Drivers/CMSIS/Device/ST/STM32F4xx/Include -I../Drivers/CMSIS/Include -O0 -ffunction-sections -fdata-sections -Wall -fstack-usage -fcyclomatic-complexity -MMD -MP -MF"Core/Src/main.d" -MT"Core/Src/main.o" --specs=nano.specs -mfpu=fpv4-sp-d16 -mfloat-abi=hard -mthumb -o "Core/Src/main.o"
arm-none-eabi-gcc "../Core/Src/rc522.c" -mcpu=cortex-m4 -std=gnu11 -g3 -DDEBUG -DUSE_HAL_DRIVER -DSTM32F439xx -c -I../Core/Inc -I../Drivers/STM32F4xx_HAL_Driver/Inc -I../Drivers/STM32F4xx_HAL_Driver/Inc/Legacy -I../Drivers/CMSIS/Device/ST/STM32F4xx/Include -I../Drivers/CMSIS/Include -O0 -ffunction-sections -fdata-sections -Wall -fstack-usage -fcyclomatic-complexity -MMD -MP -MF"Core/Src/rc522.d" -MT"Core/Src/rc522.o" --specs=nano.specs -mfpu=fpv4-sp-d16 -mfloat-abi=hard -mthumb -o "Core/Src/rc522.o"
arm-none-eabi-gcc "../Core/Src/stm32f4xx_hal_msp.c" -mcpu=cortex-m4 -std=gnu11 -g3 -DDEBUG -DUSE_HAL_DRIVER -DSTM32F439xx -c -I../Core/Inc -I../Drivers/STM32F4xx_HAL_Driver/Inc -I../Drivers/STM32F4xx_HAL_Driver/Inc/Legacy -I../Drivers/CMSIS/Device/ST/STM32F4xx/Include -I../Drivers/CMSIS/Include -O0 -ffunction-sections -fdata-sections -Wall -fstack-usage -fcyclomatic-complexity -MMD -MP -MF"Core/Src/stm32f4xx_hal_msp.d" -MT"Core/Src/stm32f4xx_hal_msp.o" --specs=nano.specs -mfpu=fpv4-sp-d16 -mfloat-abi=hard -mthumb -o "Core/Src/stm32f4xx_hal_msp.o"
[...]
arm-none-eabi-gcc -o "intrgrated_try_1.elf" @"objects.list"   -mcpu=cortex-m4 -T"D:\Assignments\MES\Projest\entire\integrated\intrgrated_try_1\STM32F439ZITX_FLASH.ld" --specs=nosys.specs -Wl,-Map="intrgrated_try_1.map" -Wl,--gc-sections -static --specs=nano.specs -mfpu=fpv4-sp-d16 -mfloat-abi=hard -mthumb -Wl,--start-group -lc -lm -Wl,--end-group
Finished building target: intrgrated_try_1.elf
 
arm-none-eabi-size  intrgrated_try_1.elf 
arm-none-eabi-objdump -h -S intrgrated_try_1.elf  > "intrgrated_try_1.list"
   text	   data	    bss	    dec	    hex	filename
  14880	     20	   1796	  16696	   4138	intrgrated_try_1.elf
Finished building: default.size.stdout
 
Finished building: intrgrated_try_1.list
 
00:19:03 **** Incremental Build of configuration Debug for project intrgrated_try_1 ****
make -j16 all 
arm-none-eabi-size  intrgrated_try_1.elf 
   text	   data	    bss	    dec	    hex	filename
  14880	     20	   1796	  16696	   4138	intrgrated_try_1.elf
Finished building: default.size.stdout
 
00:20:32 **** Incremental Build of configuration Debug for project intrgrated_try_1 ****
make -j16 all 
arm-none-eabi-size  intrgrated_try_1.elf 
   text	   data	    bss	    dec	    hex	filename
  14880	     20	   1796	  16696	   4138	intrgrated_try_1.elf
Finished building: default.size.stdout
 
00:26:10 **** Incremental Build of configuration Debug for project intrgrated_try_1 ****
make -j16 all 
arm-none-eabi-gcc "../Core/Src/main.c" -mcpu=cortex-m4 -std=gnu11 -g3 -DDEBUG -DUSE_HAL_DRIVER -DSTM32F439xx -c -I../Core/Inc -I../Drivers/STM32F4xx_HAL_Driver/Inc -I../Drivers/STM32F4xx_HAL_Driver/Inc/Legacy -I../Drivers/CMSIS/Device/ST/STM32F4xx/Include -I../Drivers/CMSIS/Include -O0 -ffunction-sections -fdata-sections -Wall -fstack-usage -fcyclomatic-complexity -MMD -MP -MF"Core/Src/main.d" -MT"Core/Src/main.o" --specs=nano.specs -mfpu=fpv4-sp-d16 -mfloat-abi=hard -mthumb -o "Core/Src/main.o"
../Core/Src/main.c: In function 'main':
../Core/Src/main.c:195:35: error: assignment to expression with array type
  195 |                               str = '\0';
      |                                   ^
make: *** [Core/Src/subdir.mk:43: Core/Src/main.o] Error 1
"make -j16 all" terminated with exit code 2. Build might be incomplete.
00:26:58 **** Incremental Build of configuration Debug for project intrgrated_try_1 ****
make -j16 all 
arm-none-eabi-gcc "../Core/Src/main.c" -mcpu=cortex-m4 -std=gnu11 -g3 -DDEBUG -DUSE_HAL_DRIVER -DSTM32F439xx -c -I../Core/Inc -I../Drivers/STM32F4xx_HAL_Driver/Inc -I../Drivers/STM32F4xx_HAL_Driver/Inc/Legacy -I../Drivers/CMSIS/Device/ST/STM32F4xx/Include -I../Drivers/CMSIS/Include -O0 -ffunction-sections -fdata-sections -Wall -fstack-usage -fcyclomatic-complexity -MMD -MP -MF"Core/Src/main.d" -MT"Core/Src/main.o" --specs=nano.specs -mfpu=fpv4-sp-d16 -mfloat-abi=hard -mthumb -o "Core/Src/main.o"
arm-none-eabi-gcc -o "intrgrated_try_1.elf" @"objects.list"   -mcpu=cortex-m4 -T"D:\Assignments\MES\Projest\entire\integrated\intrgrated_try_1\STM32F439ZITX_FLASH.ld" --specs=nosys.specs -Wl,-Map="intrgrated_try_1.map" -Wl,--gc-sections -static --specs=nano.specs -mfpu=fpv4-sp-d16 -mfloat-abi=hard -mthumb -Wl,--start-group -lc -lm -Wl,--end-group
Finished building target: intrgrated_try_1.elf
 
arm-none-eabi-size  intrgrated_try_1.elf 
arm-none-eabi-objdump -h -S intrgrated_try_1.elf  > "intrgrated_try_1.list"
   text	   data	    bss	    dec	    hex	filename
  14904	     20	   1796	  16720	   4150	intrgrated_try_1.elf
Finished building: default.size.stdout
 
Finished building: intrgrated_try_1.list
 
00:27:33 **** Incremental Build of configuration Debug for project intrgrated_try_1 ****
make -j16 all 
arm-none-eabi-size  intrgrated_try_1.elf 
   text	   data	    bss	    dec	    hex	filename
  14904	     20	   1796	  16720	   4150	intrgrated_try_1.elf
Finished building: default.size.stdout
 
00:30:37 **** Incremental Build of configuration Debug for project intrgrated_try_1 ****
make -j16 all 
arm-none-eabi-size  intrgrated_try_1.elf 
   text	   data	    bss	    dec	    hex	filename
  14904	     20	   1796	  16720	   4150	intrgrated_try_1.elf
Finished building: default.size.stdout
 
00:33:47 **** Incremental Build of configuration Debug for project intrgrated_try_1 ****
make -j16 all 
arm-none-eabi-gcc "../Core/Src/main.c" -mcpu=cortex-m4 -std=gnu11 -g3 -DDEBUG -DUSE_HAL_DRIVER -DSTM32F439xx -c -I../Core/Inc -I../Drivers/STM32F4xx_HAL_Driver/Inc -I../Drivers/STM32F4xx_HAL_Driver/Inc/Legacy -I../Drivers/CMSIS/Device/ST/STM32F4xx/Include -I../Drivers/CMSIS/Include -O0 -ffunction-sections -fdata-sections -Wall -fstack-usage -fcyclomatic-complexity -MMD -MP -MF"Core/Src/main.d" -MT"Core/Src/main.o" --specs=nano.specs -mfpu=fpv4-sp-d16 -mfloat-abi=hard -mthumb -o "Core/Src/main.o"
arm-none-eabi-gcc -o "intrgrated_try_1.elf" @"objects.list"   -mcpu=cortex-m4 -T"D:\Assignments\MES\Projest\entire\integrated\intrgrated_try_1\STM32F439ZITX_FLASH.ld" --specs=nosys.specs -Wl,-Map="intrgrated_try_1.map" -Wl,--gc-sections -static --specs=nano.specs -mfpu=fpv4-sp-d16 -mfloat-abi=hard -mthumb -Wl,--start-group -lc -lm -Wl,--end-group
Finished building target: intrgrated_try_1.elf
 
arm-none-eabi-size  intrgrated_try_1.elf 
arm-none-eabi-objdump -h -S intrgrated_try_1.elf  > "intrgrated_try_1.list"
   text	   data	    bss	    dec	    hex	filename
  14988	     20	   1796	  16804	   41a4	intrgrated_try_1.elf
Finished building: default.size.stdout
 
Finished building: intrgrated_try_1.list
 
00:33:53 **** Incremental Build of configuration Debug for project intrgrated_try_1 ****
make -j16 all 
arm-none-eabi-size  intrgrated_try_1.elf 
   text	   data	    bss	    dec	    hex	filename
  14988	     20	   1796	  16804	   41a4	intrgrated_try_1.elf
Finished building: default.size.stdout
 
00:36:29 **** Incremental Build of configuration Debug for project intrgrated_try_1 ****
make -j16 all 
arm-none-eabi-gcc "../Core/Src/main.c" -mcpu=cortex-m4 -std=gnu11 -g3 -DDEBUG -DUSE_HAL_DRIVER -DSTM32F439xx -c -I../Core/Inc -I../Drivers/STM32F4xx_HAL_Driver/Inc -I../Drivers/STM32F4xx_HAL_Driver/Inc/Legacy -I../Drivers/CMSIS/Device/ST/STM32F4xx/Include -I../Drivers/CMSIS/Include -O0 -ffunction-sections -fdata-sections -Wall -fstack-usage -fcyclomatic-complexity -MMD -MP -MF"Core/Src/main.d" -MT"Core/Src/main.o" --specs=nano.specs -mfpu=fpv4-sp-d16 -mfloat-abi=hard -mthumb -o "Core/Src/main.o"
arm-none-eabi-gcc -o "intrgrated_try_1.elf" @"objects.list"   -mcpu=cortex-m4 -T"D:\Assignments\MES\Projest\entire\integrated\intrgrated_try_1\STM32F439ZITX_FLASH.ld" --specs=nosys.specs -Wl,-Map="intrgrated_try_1.map" -Wl,--gc-sections -static --specs=nano.specs -mfpu=fpv4-sp-d16 -mfloat-abi=hard -mthumb -Wl,--start-group -lc -lm -Wl,--end-group
Finished building target: intrgrated_try_1.elf
 
arm-none-eabi-size  intrgrated_try_1.elf 
arm-none-eabi-objdump -h -S intrgrated_try_1.elf  > "intrgrated_try_1.list"
   text	   data	    bss	    dec	    hex	filename
  15056	     20	   1796	  16872	   41e8	intrgrated_try_1.elf
Finished building: default.size.stdout
 
Finished building: intrgrated_try_1.list
 
00:36:38 **** Incremental Build of configuration Debug for project intrgrated_try_1 ****
make -j16 all 
arm-none-eabi-size  intrgrated_try_1.elf 
   text	   data	    bss	    dec	    hex	filename
  15056	     20	   1796	  16872	   41e8	intrgrated_try_1.elf
Finished building: default.size.stdout
 
00:43:27 **** Incremental Build of configuration Debug for project intrgrated_try_1 ****
make -j16 all 
arm-none-eabi-gcc "../Core/Src/main.c" -mcpu=cortex-m4 -std=gnu11 -g3 -DDEBUG -DUSE_HAL_DRIVER -DSTM32F439xx -c -I../Core/Inc -I../Drivers/STM32F4xx_HAL_Driver/Inc -I../Drivers/STM32F4xx_HAL_Driver/Inc/Legacy -I../Drivers/CMSIS/Device/ST/STM32F4xx/Include -I../Drivers/CMSIS/Include -O0 -ffunction-sections -fdata-sections -Wall -fstack-usage -fcyclomatic-complexity -MMD -MP -MF"Core/Src/main.d" -MT"Core/Src/main.o" --specs=nano.specs -mfpu=fpv4-sp-d16 -mfloat-abi=hard -mthumb -o "Core/Src/main.o"
../Core/Src/main.c: In function 'main':
../Core/Src/main.c:135:1: warning: multi-line comment [-Wcomment]
  135 | // an agar pb7 high hai toh keypad se input lena hai\
      | ^
arm-none-eabi-gcc -o "intrgrated_try_1.elf" @"objects.list"   -mcpu=cortex-m4 -T"D:\Assignments\MES\Projest\entire\integrated\intrgrated_try_1\STM32F439ZITX_FLASH.ld" --specs=nosys.specs -Wl,-Map="intrgrated_try_1.map" -Wl,--gc-sections -static --specs=nano.specs -mfpu=fpv4-sp-d16 -mfloat-abi=hard -mthumb -Wl,--start-group -lc -lm -Wl,--end-group
Finished building target: intrgrated_try_1.elf
 
arm-none-eabi-size  intrgrated_try_1.elf 
arm-none-eabi-objdump -h -S intrgrated_try_1.elf  > "intrgrated_try_1.list"
   text	   data	    bss	    dec	    hex	filename
  14988	     20	   1796	  16804	   41a4	intrgrated_try_1.elf
Finished building: default.size.stdout
 
Finished building: intrgrated_try_1.list
 
00:44:11 **** Incremental Build of configuration Debug for project intrgrated_try_1 ****
make -j16 all 
arm-none-eabi-size  intrgrated_try_1.elf 
   text	   data	    bss	    dec	    hex	filename
  14988	     20	   1796	  16804	   41a4	intrgrated_try_1.elf
Finished building: default.size.stdout
 
11:28:41 **** Incremental Build of configuration Debug for project intrgrated_try_1 ****
make -j16 all 
arm-none-eabi-size  intrgrated_try_1.elf 
   text	   data	    bss	    dec	    hex	filename
  14988	     20	   1796	  16804	   41a4	intrgrated_try_1.elf
Finished building: default.size.stdout
 
11:28:49 **** Incremental Build of configuration Debug for project intrgrated_try_1 ****
make -j16 all 
arm-none-eabi-size  intrgrated_try_1.elf 
   text	   data	    bss	    dec	    hex	filename
  14988	     20	   1796	  16804	   41a4	intrgrated_try_1.elf
Finished building: default.size.stdout
 
11:29:13 **** Incremental Build of configuration Debug for project intrgrated_try_1 ****
make -j16 all 
arm-none-eabi-size  intrgrated_try_1.elf 
   text	   data	    bss	    dec	    hex	filename
  14988	     20	   1796	  16804	   41a4	intrgrated_try_1.elf
Finished building: default.size.stdout
 
11:36:14 **** Incremental Build of configuration Debug for project intrgrated_try_1 ****
make -j16 all 
arm-none-eabi-gcc "../Core/Src/main.c" -mcpu=cortex-m4 -std=gnu11 -g3 -DDEBUG -DUSE_HAL_DRIVER -DSTM32F439xx -c -I../Core/Inc -I../Drivers/STM32F4xx_HAL_Driver/Inc -I../Drivers/STM32F4xx_HAL_Driver/Inc/Legacy -I../Drivers/CMSIS/Device/ST/STM32F4xx/Include -I../Drivers/CMSIS/Include -O0 -ffunction-sections -fdata-sections -Wall -fstack-usage -fcyclomatic-complexity -MMD -MP -MF"Core/Src/main.d" -MT"Core/Src/main.o" --specs=nano.specs -mfpu=fpv4-sp-d16 -mfloat-abi=hard -mthumb -o "Core/Src/main.o"
../Core/Src/main.c: In function 'main':
../Core/Src/main.c:135:1: warning: multi-line comment [-Wcomment]
  135 | // an agar pb7 high hai toh keypad se input lena hai\
      | ^
arm-none-eabi-gcc -o "intrgrated_try_1.elf" @"objects.list"   -mcpu=cortex-m4 -T"D:\Assignments\MES\Projest\entire\integrated\intrgrated_try_1\STM32F439ZITX_FLASH.ld" --specs=nosys.specs -Wl,-Map="intrgrated_try_1.map" -Wl,--gc-sections -static --specs=nano.specs -mfpu=fpv4-sp-d16 -mfloat-abi=hard -mthumb -Wl,--start-group -lc -lm -Wl,--end-group
Finished building target: intrgrated_try_1.elf
 
arm-none-eabi-size  intrgrated_try_1.elf 
arm-none-eabi-objdump -h -S intrgrated_try_1.elf  > "intrgrated_try_1.list"
   text	   data	    bss	    dec	    hex	filename
  14988	     20	   1796	  16804	   41a4	intrgrated_try_1.elf
Finished building: default.size.stdout
 
Finished building: intrgrated_try_1.list
 
11:36:27 **** Incremental Build of configuration Debug for project intrgrated_try_1 ****
make -j16 all 
arm-none-eabi-gcc "../Core/Src/main.c" -mcpu=cortex-m4 -std=gnu11 -g3 -DDEBUG -DUSE_HAL_DRIVER -DSTM32F439xx -c -I../Core/Inc -I../Drivers/STM32F4xx_HAL_Driver/Inc -I../Drivers/STM32F4xx_HAL_Driver/Inc/Legacy -I../Drivers/CMSIS/Device/ST/STM32F4xx/Include -I../Drivers/CMSIS/Include -O0 -ffunction-sections -fdata-sections -Wall -fstack-usage -fcyclomatic-complexity -MMD -MP -MF"Core/Src/main.d" -MT"Core/Src/main.o" --specs=nano.specs -mfpu=fpv4-sp-d16 -mfloat-abi=hard -mthumb -o "Core/Src/main.o"
arm-none-eabi-gcc -o "intrgrated_try_1.elf" @"objects.list"   -mcpu=cortex-m4 -T"D:\Assignments\MES\Projest\entire\integrated\intrgrated_try_1\STM32F439ZITX_FLASH.ld" --specs=nosys.specs -Wl,-Map="intrgrated_try_1.map" -Wl,--gc-sections -static --specs=nano.specs -mfpu=fpv4-sp-d16 -mfloat-abi=hard -mthumb -Wl,--start-group -lc -lm -Wl,--end-group
Finished building target: intrgrated_try_1.elf
 
arm-none-eabi-size  intrgrated_try_1.elf 
arm-none-eabi-objdump -h -S intrgrated_try_1.elf  > "intrgrated_try_1.list"
   text	   data	    bss	    dec	    hex	filename
  14988	     20	   1796	  16804	   41a4	intrgrated_try_1.elf
Finished building: default.size.stdout
 
Finished building: intrgrated_try_1.list
 
11:36:34 **** Incremental Build of configuration Debug for project intrgrated_try_1 ****
make -j16 all 
arm-none-eabi-size  intrgrated_try_1.elf 
   text	   data	    bss	    dec	    hex	filename
  14988	     20	   1796	  16804	   41a4	intrgrated_try_1.elf
Finished building: default.size.stdout
 
11:38:34 **** Incremental Build of configuration Debug for project intrgrated_try_1 ****
make -j16 all 
arm-none-eabi-gcc "../Core/Src/main.c" -mcpu=cortex-m4 -std=gnu11 -g3 -DDEBUG -DUSE_HAL_DRIVER -DSTM32F439xx -c -I../Core/Inc -I../Drivers/STM32F4xx_HAL_Driver/Inc -I../Drivers/STM32F4xx_HAL_Driver/Inc/Legacy -I../Drivers/CMSIS/Device/ST/STM32F4xx/Include -I../Drivers/CMSIS/Include -O0 -ffunction-sections -fdata-sections -Wall -fstack-usage -fcyclomatic-complexity -MMD -MP -MF"Core/Src/main.d" -MT"Core/Src/main.o" --specs=nano.specs -mfpu=fpv4-sp-d16 -mfloat-abi=hard -mthumb -o "Core/Src/main.o"
arm-none-eabi-gcc -o "intrgrated_try_1.elf" @"objects.list"   -mcpu=cortex-m4 -T"D:\Assignments\MES\Projest\entire\integrated\intrgrated_try_1\STM32F439ZITX_FLASH.ld" --specs=nosys.specs -Wl,-Map="intrgrated_try_1.map" -Wl,--gc-sections -static --specs=nano.specs -mfpu=fpv4-sp-d16 -mfloat-abi=hard -mthumb -Wl,--start-group -lc -lm -Wl,--end-group
Finished building target: intrgrated_try_1.elf
 
arm-none-eabi-size  intrgrated_try_1.elf 
arm-none-eabi-objdump -h -S intrgrated_try_1.elf  > "intrgrated_try_1.list"
   text	   data	    bss	    dec	    hex	filename
  14988	     20	   1796	  16804	   41a4	intrgrated_try_1.elf
Finished building: default.size.stdout
 
Finished building: intrgrated_try_1.list
 
11:38:39 **** Incremental Build of configuration Debug for project intrgrated_try_1 ****
make -j16 all 
arm-none-eabi-size  intrgrated_try_1.elf 
   text	   data	    bss	    dec	    hex	filename
  14988	     20	   1796	  16804	   41a4	intrgrated_try_1.elf
Finished building: default.size.stdout
 
14:22:22 **** Incremental Build of configuration Debug for project intrgrated_try_1 ****
make -j16 all 
arm-none-eabi-gcc "../Core/Src/main.c" -mcpu=cortex-m4 -std=gnu11 -g3 -DDEBUG -DUSE_HAL_DRIVER -DSTM32F439xx -c -I../Core/Inc -I../Drivers/STM32F4xx_HAL_Driver/Inc -I../Drivers/STM32F4xx_HAL_Driver/Inc/Legacy -I../Drivers/CMSIS/Device/ST/STM32F4xx/Include -I../Drivers/CMSIS/Include -O0 -ffunction-sections -fdata-sections -Wall -fstack-usage -fcyclomatic-complexity -MMD -MP -MF"Core/Src/main.d" -MT"Core/Src/main.o" --specs=nano.specs -mfpu=fpv4-sp-d16 -mfloat-abi=hard -mthumb -o "Core/Src/main.o"
arm-none-eabi-gcc -o "intrgrated_try_1.elf" @"objects.list"   -mcpu=cortex-m4 -T"D:\Assignments\MES\Projest\entire\integrated\intrgrated_try_1\STM32F439ZITX_FLASH.ld" --specs=nosys.specs -Wl,-Map="intrgrated_try_1.map" -Wl,--gc-sections -static --specs=nano.specs -mfpu=fpv4-sp-d16 -mfloat-abi=hard -mthumb -Wl,--start-group -lc -lm -Wl,--end-group
Finished building target: intrgrated_try_1.elf
 
arm-none-eabi-size  intrgrated_try_1.elf 
arm-none-eabi-objdump -h -S intrgrated_try_1.elf  > "intrgrated_try_1.list"
   text	   data	    bss	    dec	    hex	filename
  14988	     20	   1796	  16804	   41a4	intrgrated_try_1.elf
Finished building: default.size.stdout
 
Finished building: intrgrated_try_1.list
 
14:22:29 **** Incremental Build of configuration Debug for project intrgrated_try_1 ****
make -j16 all 
arm-none-eabi-size  intrgrated_try_1.elf 
   text	   data	    bss	    dec	    hex	filename
  14988	     20	   1796	  16804	   41a4	intrgrated_try_1.elf
Finished building: default.size.stdout
 
14:25:24 **** Incremental Build of configuration Debug for project intrgrated_try_1 ****
make -j16 all 
arm-none-eabi-gcc "../Core/Src/main.c" -mcpu=cortex-m4 -std=gnu11 -g3 -DDEBUG -DUSE_HAL_DRIVER -DSTM32F439xx -c -I../Core/Inc -I../Drivers/STM32F4xx_HAL_Driver/Inc -I../Drivers/STM32F4xx_HAL_Driver/Inc/Legacy -I../Drivers/CMSIS/Device/ST/STM32F4xx/Include -I../Drivers/CMSIS/Include -O0 -ffunction-sections -fdata-sections -Wall -fstack-usage -fcyclomatic-complexity -MMD -MP -MF"Core/Src/main.d" -MT"Core/Src/main.o" --specs=nano.specs -mfpu=fpv4-sp-d16 -mfloat-abi=hard -mthumb -o "Core/Src/main.o"
arm-none-eabi-gcc -o "intrgrated_try_1.elf" @"objects.list"   -mcpu=cortex-m4 -T"D:\Assignments\MES\Projest\entire\integrated\intrgrated_try_1\STM32F439ZITX_FLASH.ld" --specs=nosys.specs -Wl,-Map="intrgrated_try_1.map" -Wl,--gc-sections -static --specs=nano.specs -mfpu=fpv4-sp-d16 -mfloat-abi=hard -mthumb -Wl,--start-group -lc -lm -Wl,--end-group
Finished building target: intrgrated_try_1.elf
 
arm-none-eabi-size  intrgrated_try_1.elf 
arm-none-eabi-objdump -h -S intrgrated_try_1.elf  > "intrgrated_try_1.list"
   text	   data	    bss	    dec	    hex	filename
  14988	     20	   1796	  16804	   41a4	intrgrated_try_1.elf
Finished building: default.size.stdout
 
Finished building: intrgrated_try_1.list
 
14:25:30 **** Incremental Build of configuration Debug for project intrgrated_try_1 ****
make -j16 all 
arm-none-eabi-size  intrgrated_try_1.elf 
   text	   data	    bss	    dec	    hex	filename
  14988	     20	   1796	  16804	   41a4	intrgrated_try_1.elf
Finished building: default.size.stdout
 
14:26:39 **** Incremental Build of configuration Debug for project intrgrated_try_1 ****
make -j16 all 
arm-none-eabi-gcc "../Core/Src/main.c" -mcpu=cortex-m4 -std=gnu11 -g3 -DDEBUG -DUSE_HAL_DRIVER -DSTM32F439xx -c -I../Core/Inc -I../Drivers/STM32F4xx_HAL_Driver/Inc -I../Drivers/STM32F4xx_HAL_Driver/Inc/Legacy -I../Drivers/CMSIS/Device/ST/STM32F4xx/Include -I../Drivers/CMSIS/Include -O0 -ffunction-sections -fdata-sections -Wall -fstack-usage -fcyclomatic-complexity -MMD -MP -MF"Core/Src/main.d" -MT"Core/Src/main.o" --specs=nano.specs -mfpu=fpv4-sp-d16 -mfloat-abi=hard -mthumb -o "Core/Src/main.o"
arm-none-eabi-gcc -o "intrgrated_try_1.elf" @"objects.list"   -mcpu=cortex-m4 -T"D:\Assignments\MES\Projest\entire\integrated\intrgrated_try_1\STM32F439ZITX_FLASH.ld" --specs=nosys.specs -Wl,-Map="intrgrated_try_1.map" -Wl,--gc-sections -static --specs=nano.specs -mfpu=fpv4-sp-d16 -mfloat-abi=hard -mthumb -Wl,--start-group -lc -lm -Wl,--end-group
Finished building target: intrgrated_try_1.elf
 
arm-none-eabi-size  intrgrated_try_1.elf 
arm-none-eabi-objdump -h -S intrgrated_try_1.elf  > "intrgrated_try_1.list"
   text	   data	    bss	    dec	    hex	filename
  14988	     20	   1796	  16804	   41a4	intrgrated_try_1.elf
Finished building: default.size.stdout
 
Finished building: intrgrated_try_1.list
 
14:26:45 **** Incremental Build of configuration Debug for project intrgrated_try_1 ****
make -j16 all 
arm-none-eabi-size  intrgrated_try_1.elf 
   text	   data	    bss	    dec	    hex	filename
  14988	     20	   1796	  16804	   41a4	intrgrated_try_1.elf
Finished building: default.size.stdout
 
